Archive member included to satisfy reference by file (symbol)

c:/program files (x86)/gnu tools arm embedded/5.2 2015q4/bin/../lib/gcc/arm-none-eabi/5.2.1/../../../../arm-none-eabi/lib/armv7e-m/softfp/fpv5-sp-d16\libstdc++_nano.a(del_opv.o)
                              mbed-src/common/RawSerial.o (operator delete[](void*))
c:/program files (x86)/gnu tools arm embedded/5.2 2015q4/bin/../lib/gcc/arm-none-eabi/5.2.1/../../../../arm-none-eabi/lib/armv7e-m/softfp/fpv5-sp-d16\libstdc++_nano.a(del_op.o)
                              mbed-src/common/BusIn.o (operator delete(void*))
c:/program files (x86)/gnu tools arm embedded/5.2 2015q4/bin/../lib/gcc/arm-none-eabi/5.2.1/../../../../arm-none-eabi/lib/armv7e-m/softfp/fpv5-sp-d16\libstdc++_nano.a(new_op.o)
                              mbed-src/common/BusIn.o (operator new(unsigned int))
c:/program files (x86)/gnu tools arm embedded/5.2 2015q4/bin/../lib/gcc/arm-none-eabi/5.2.1/../../../../arm-none-eabi/lib/armv7e-m/softfp/fpv5-sp-d16\libstdc++_nano.a(new_opv.o)
                              mbed-src/common/CallChain.o (operator new[](unsigned int))
c:/program files (x86)/gnu tools arm embedded/5.2 2015q4/bin/../lib/gcc/arm-none-eabi/5.2.1/../../../../arm-none-eabi/lib/armv7e-m/softfp/fpv5-sp-d16\libstdc++_nano.a(new_handler.o)
                              c:/program files (x86)/gnu tools arm embedded/5.2 2015q4/bin/../lib/gcc/arm-none-eabi/5.2.1/../../../../arm-none-eabi/lib/armv7e-m/softfp/fpv5-sp-d16\libstdc++_nano.a(new_op.o) (std::get_new_handler())
c:/program files (x86)/gnu tools arm embedded/5.2 2015q4/bin/../lib/gcc/arm-none-eabi/5.2.1/../../../../arm-none-eabi/lib/armv7e-m/softfp/fpv5-sp-d16\libc_nano.a(lib_a-abort.o)
                              c:/program files (x86)/gnu tools arm embedded/5.2 2015q4/bin/../lib/gcc/arm-none-eabi/5.2.1/../../../../arm-none-eabi/lib/armv7e-m/softfp/fpv5-sp-d16\libstdc++_nano.a(new_op.o) (abort)
c:/program files (x86)/gnu tools arm embedded/5.2 2015q4/bin/../lib/gcc/arm-none-eabi/5.2.1/../../../../arm-none-eabi/lib/armv7e-m/softfp/fpv5-sp-d16\libc_nano.a(lib_a-errno.o)
                              mbed-src/common/retarget.o (__errno)
c:/program files (x86)/gnu tools arm embedded/5.2 2015q4/bin/../lib/gcc/arm-none-eabi/5.2.1/../../../../arm-none-eabi/lib/armv7e-m/softfp/fpv5-sp-d16\libc_nano.a(lib_a-exit.o)
                              c:/program files (x86)/gnu tools arm embedded/5.2 2015q4/bin/../lib/gcc/arm-none-eabi/5.2.1/../../../../arm-none-eabi/lib/armv7e-m/softfp/fpv5-sp-d16/crt0.o (exit)
c:/program files (x86)/gnu tools arm embedded/5.2 2015q4/bin/../lib/gcc/arm-none-eabi/5.2.1/../../../../arm-none-eabi/lib/armv7e-m/softfp/fpv5-sp-d16\libc_nano.a(lib_a-fclose.o)
                              mbed-src/common/Stream.o (fclose)
c:/program files (x86)/gnu tools arm embedded/5.2 2015q4/bin/../lib/gcc/arm-none-eabi/5.2.1/../../../../arm-none-eabi/lib/armv7e-m/softfp/fpv5-sp-d16\libc_nano.a(lib_a-fflush.o)
                              c:/program files (x86)/gnu tools arm embedded/5.2 2015q4/bin/../lib/gcc/arm-none-eabi/5.2.1/../../../../arm-none-eabi/lib/armv7e-m/softfp/fpv5-sp-d16\libc_nano.a(lib_a-fclose.o) (__sflush_r)
c:/program files (x86)/gnu tools arm embedded/5.2 2015q4/bin/../lib/gcc/arm-none-eabi/5.2.1/../../../../arm-none-eabi/lib/armv7e-m/softfp/fpv5-sp-d16\libc_nano.a(lib_a-fgetc.o)
                              mbed-src/common/retarget.o (fgetc)
c:/program files (x86)/gnu tools arm embedded/5.2 2015q4/bin/../lib/gcc/arm-none-eabi/5.2.1/../../../../arm-none-eabi/lib/armv7e-m/softfp/fpv5-sp-d16\libc_nano.a(lib_a-fgets.o)
                              mbed-src/common/retarget.o (fgets)
c:/program files (x86)/gnu tools arm embedded/5.2 2015q4/bin/../lib/gcc/arm-none-eabi/5.2.1/../../../../arm-none-eabi/lib/armv7e-m/softfp/fpv5-sp-d16\libc_nano.a(lib_a-findfp.o)
                              c:/program files (x86)/gnu tools arm embedded/5.2 2015q4/bin/../lib/gcc/arm-none-eabi/5.2.1/../../../../arm-none-eabi/lib/armv7e-m/softfp/fpv5-sp-d16\libc_nano.a(lib_a-fclose.o) (__sinit)
c:/program files (x86)/gnu tools arm embedded/5.2 2015q4/bin/../lib/gcc/arm-none-eabi/5.2.1/../../../../arm-none-eabi/lib/armv7e-m/softfp/fpv5-sp-d16\libc_nano.a(lib_a-fopen.o)
                              mbed-src/common/Stream.o (fopen)
c:/program files (x86)/gnu tools arm embedded/5.2 2015q4/bin/../lib/gcc/arm-none-eabi/5.2.1/../../../../arm-none-eabi/lib/armv7e-m/softfp/fpv5-sp-d16\libc_nano.a(lib_a-fputc.o)
                              mbed-src/common/Stream.o (fputc)
c:/program files (x86)/gnu tools arm embedded/5.2 2015q4/bin/../lib/gcc/arm-none-eabi/5.2.1/../../../../arm-none-eabi/lib/armv7e-m/softfp/fpv5-sp-d16\libc_nano.a(lib_a-fputs.o)
                              mbed-src/common/Stream.o (fputs)
c:/program files (x86)/gnu tools arm embedded/5.2 2015q4/bin/../lib/gcc/arm-none-eabi/5.2.1/../../../../arm-none-eabi/lib/armv7e-m/softfp/fpv5-sp-d16\libc_nano.a(lib_a-fseek.o)
[...]
Memory Configuration

Name             Origin             Length             Attributes
FLASH            0x08000000         0x00100000         xr
RAM              0x200001c8         0x0004fe38         xrw
*default*        0x00000000         0xffffffff

Linker script and memory map

LOAD c:/program files (x86)/gnu tools arm embedded/5.2 2015q4/bin/../lib/gcc/arm-none-eabi/5.2.1/armv7e-m/softfp/fpv5-sp-d16/crti.o
LOAD c:/program files (x86)/gnu tools arm embedded/5.2 2015q4/bin/../lib/gcc/arm-none-eabi/5.2.1/armv7e-m/softfp/fpv5-sp-d16/crtbegin.o
LOAD c:/program files (x86)/gnu tools arm embedded/5.2 2015q4/bin/../lib/gcc/arm-none-eabi/5.2.1/../../../../arm-none-eabi/lib/armv7e-m/softfp/fpv5-sp-d16/crt0.o
LOAD mbed-src/targets/cmsis/TARGET_STM/TARGET_STM32F7/TARGET_DISCO_F746NG/TOOLCHAIN_GCC_ARM/startup_stm32f746xx.o
LOAD mbed-src/targets/cmsis/TARGET_STM/TARGET_STM32F7/stm32f7xx_hal.o
LOAD mbed-src/targets/cmsis/TARGET_STM/TARGET_STM32F7/stm32f7xx_hal_adc.o
LOAD mbed-src/targets/cmsis/TARGET_STM/TARGET_STM32F7/stm32f7xx_hal_adc_ex.o
LOAD mbed-src/targets/cmsis/TARGET_STM/TARGET_STM32F7/stm32f7xx_hal_can.o
LOAD mbed-src/targets/cmsis/TARGET_STM/TARGET_STM32F7/stm32f7xx_hal_cec.o
LOAD mbed-src/targets/cmsis/TARGET_STM/TARGET_STM32F7/stm32f7xx_hal_cortex.o
LOAD mbed-src/targets/cmsis/TARGET_STM/TARGET_STM32F7/stm32f7xx_hal_crc.o
LOAD mbed-src/targets/cmsis/TARGET_STM/TARGET_STM32F7/stm32f7xx_hal_crc_ex.o
LOAD mbed-src/targets/cmsis/TARGET_STM/TARGET_STM32F7/stm32f7xx_hal_cryp.o
LOAD mbed-src/targets/cmsis/TARGET_STM/TARGET_STM32F7/stm32f7xx_hal_cryp_ex.o
LOAD mbed-src/targets/cmsis/TARGET_STM/TARGET_STM32F7/stm32f7xx_hal_dac.o
LOAD mbed-src/targets/cmsis/TARGET_STM/TARGET_STM32F7/stm32f7xx_hal_dac_ex.o
LOAD mbed-src/targets/cmsis/TARGET_STM/TARGET_STM32F7/stm32f7xx_hal_dcmi.o
LOAD mbed-src/targets/cmsis/TARGET_STM/TARGET_STM32F7/stm32f7xx_hal_dcmi_ex.o
LOAD mbed-src/targets/cmsis/TARGET_STM/TARGET_STM32F7/stm32f7xx_hal_dma.o
LOAD mbed-src/targets/cmsis/TARGET_STM/TARGET_STM32F7/stm32f7xx_hal_dma2d.o
LOAD mbed-src/targets/cmsis/TARGET_STM/TARGET_STM32F7/stm32f7xx_hal_dma_ex.o
LOAD mbed-src/targets/cmsis/TARGET_STM/TARGET_STM32F7/stm32f7xx_hal_eth.o
LOAD mbed-src/targets/cmsis/TARGET_STM/TARGET_STM32F7/stm32f7xx_hal_flash.o
LOAD mbed-src/targets/cmsis/TARGET_STM/TARGET_STM32F7/stm32f7xx_hal_flash_ex.o
LOAD mbed-src/targets/cmsis/TARGET_STM/TARGET_STM32F7/stm32f7xx_hal_gpio.o
LOAD mbed-src/targets/cmsis/TARGET_STM/TARGET_STM32F7/stm32f7xx_hal_hash.o
LOAD mbed-src/targets/cmsis/TARGET_STM/TARGET_STM32F7/stm32f7xx_hal_hash_ex.o
LOAD mbed-src/targets/cmsis/TARGET_STM/TARGET_STM32F7/stm32f7xx_hal_hcd.o
LOAD mbed-src/targets/cmsis/TARGET_STM/TARGET_STM32F7/stm32f7xx_hal_i2c.o
LOAD mbed-src/targets/cmsis/TARGET_STM/TARGET_STM32F7/stm32f7xx_hal_i2c_ex.o
LOAD mbed-src/targets/cmsis/TARGET_STM/TARGET_STM32F7/stm32f7xx_hal_i2s.o
LOAD mbed-src/targets/cmsis/TARGET_STM/TARGET_STM32F7/stm32f7xx_hal_irda.o
LOAD mbed-src/targets/cmsis/TARGET_STM/TARGET_STM32F7/stm32f7xx_hal_iwdg.o
LOAD mbed-src/targets/cmsis/TARGET_STM/TARGET_STM32F7/stm32f7xx_hal_lptim.o
LOAD mbed-src/targets/cmsis/TARGET_STM/TARGET_STM32F7/stm32f7xx_hal_ltdc.o
LOAD mbed-src/targets/cmsis/TARGET_STM/TARGET_STM32F7/stm32f7xx_hal_nand.o
LOAD mbed-src/targets/cmsis/TARGET_STM/TARGET_STM32F7/stm32f7xx_hal_nor.o
LOAD mbed-src/targets/cmsis/TARGET_STM/TARGET_STM32F7/stm32f7xx_hal_pcd.o
LOAD mbed-src/targets/cmsis/TARGET_STM/TARGET_STM32F7/stm32f7xx_hal_pcd_ex.o
LOAD mbed-src/targets/cmsis/TARGET_STM/TARGET_STM32F7/stm32f7xx_hal_pwr.o
LOAD mbed-src/targets/cmsis/TARGET_STM/TARGET_STM32F7/stm32f7xx_hal_pwr_ex.o
LOAD mbed-src/targets/cmsis/TARGET_STM/TARGET_STM32F7/stm32f7xx_hal_qspi.o
LOAD mbed-src/targets/cmsis/TARGET_STM/TARGET_STM32F7/stm32f7xx_hal_rcc.o
LOAD mbed-src/targets/cmsis/TARGET_STM/TARGET_STM32F7/stm32f7xx_hal_rcc_ex.o
LOAD mbed-src/targets/cmsis/TARGET_STM/TARGET_STM32F7/stm32f7xx_hal_rng.o
LOAD mbed-src/targets/cmsis/TARGET_STM/TARGET_STM32F7/stm32f7xx_hal_rtc.o
LOAD mbed-src/targets/cmsis/TARGET_STM/TARGET_STM32F7/stm32f7xx_hal_rtc_ex.o
LOAD mbed-src/targets/cmsis/TARGET_STM/TARGET_STM32F7/stm32f7xx_hal_sai.o
LOAD mbed-src/targets/cmsis/TARGET_STM/TARGET_STM32F7/stm32f7xx_hal_sai_ex.o
LOAD mbed-src/targets/cmsis/TARGET_STM/TARGET_STM32F7/stm32f7xx_hal_sd.o
LOAD mbed-src/targets/cmsis/TARGET_STM/TARGET_STM32F7/stm32f7xx_hal_sdram.o
LOAD mbed-src/targets/cmsis/TARGET_STM/TARGET_STM32F7/stm32f7xx_hal_smartcard.o
LOAD mbed-src/targets/cmsis/TARGET_STM/TARGET_STM32F7/stm32f7xx_hal_smartcard_ex.o
LOAD mbed-src/targets/cmsis/TARGET_STM/TARGET_STM32F7/stm32f7xx_hal_spdifrx.o
LOAD mbed-src/targets/cmsis/TARGET_STM/TARGET_STM32F7/stm32f7xx_hal_spi.o
LOAD mbed-src/targets/cmsis/TARGET_STM/TARGET_STM32F7/stm32f7xx_hal_sram.o
LOAD mbed-src/targets/cmsis/TARGET_STM/TARGET_STM32F7/stm32f7xx_hal_tim.o
LOAD mbed-src/targets/cmsis/TARGET_STM/TARGET_STM32F7/stm32f7xx_hal_tim_ex.o
LOAD mbed-src/targets/cmsis/TARGET_STM/TARGET_STM32F7/stm32f7xx_hal_uart.o
LOAD mbed-src/targets/cmsis/TARGET_STM/TARGET_STM32F7/stm32f7xx_hal_usart.o
LOAD mbed-src/targets/cmsis/TARGET_STM/TARGET_STM32F7/stm32f7xx_hal_wwdg.o
LOAD mbed-src/targets/cmsis/TARGET_STM/TARGET_STM32F7/stm32f7xx_ll_fmc.o
LOAD mbed-src/targets/cmsis/TARGET_STM/TARGET_STM32F7/stm32f7xx_ll_sdmmc.o
LOAD mbed-src/targets/cmsis/TARGET_STM/TARGET_STM32F7/stm32f7xx_ll_usb.o
LOAD mbed-src/targets/cmsis/TARGET_STM/TARGET_STM32F7/TARGET_DISCO_F746NG/cmsis_nvic.o
LOAD mbed-src/targets/cmsis/TARGET_STM/TARGET_STM32F7/TARGET_DISCO_F746NG/hal_tick.o
LOAD mbed-src/targets/cmsis/TARGET_STM/TARGET_STM32F7/TARGET_DISCO_F746NG/system_stm32f7xx.o
LOAD mbed-src/targets/hal/TARGET_STM/TARGET_STM32F7/analogin_api.o
LOAD mbed-src/targets/hal/TARGET_STM/TARGET_STM32F7/analogout_api.o
LOAD mbed-src/targets/hal/TARGET_STM/TARGET_STM32F7/gpio_api.o
LOAD mbed-src/targets/hal/TARGET_STM/TARGET_STM32F7/gpio_irq_api.o
LOAD mbed-src/targets/hal/TARGET_STM/TARGET_STM32F7/i2c_api.o
LOAD mbed-src/targets/hal/TARGET_STM/TARGET_STM32F7/mbed_overrides.o
LOAD mbed-src/targets/hal/TARGET_STM/TARGET_STM32F7/pinmap.o
LOAD mbed-src/targets/hal/TARGET_STM/TARGET_STM32F7/port_api.o
LOAD mbed-src/targets/hal/TARGET_STM/TARGET_STM32F7/pwmout_api.o
LOAD mbed-src/targets/hal/TARGET_STM/TARGET_STM32F7/rtc_api.o
LOAD mbed-src/targets/hal/TARGET_STM/TARGET_STM32F7/serial_api.o
LOAD mbed-src/targets/hal/TARGET_STM/TARGET_STM32F7/sleep.o
LOAD mbed-src/targets/hal/TARGET_STM/TARGET_STM32F7/spi_api.o
LOAD mbed-src/targets/hal/TARGET_STM/TARGET_STM32F7/us_ticker.o
LOAD mbed-src/targets/hal/TARGET_STM/TARGET_STM32F7/TARGET_DISCO_F746NG/PeripheralPins.o
LOAD mbed-src/common/assert.o
LOAD mbed-src/common/board.o
LOAD mbed-src/common/error.o
LOAD mbed-src/common/gpio.o
LOAD mbed-src/common/lp_ticker_api.o
LOAD mbed-src/common/mbed_interface.o
LOAD mbed-src/common/pinmap_common.o
LOAD mbed-src/common/rtc_time.o
LOAD mbed-src/common/semihost_api.o
LOAD mbed-src/common/ticker_api.o
LOAD mbed-src/common/us_ticker_api.o
LOAD mbed-src/common/wait_api.o
LOAD main.o
LOAD mbed-src/common/BusIn.o
LOAD mbed-src/common/BusInOut.o
LOAD mbed-src/common/BusOut.o
LOAD mbed-src/common/CAN.o
LOAD mbed-src/common/CallChain.o
LOAD mbed-src/common/Ethernet.o
LOAD mbed-src/common/FileBase.o
LOAD mbed-src/common/FileLike.o
LOAD mbed-src/common/FilePath.o
LOAD mbed-src/common/FileSystemLike.o
LOAD mbed-src/common/I2C.o
LOAD mbed-src/common/I2CSlave.o
LOAD mbed-src/common/InterruptIn.o
LOAD mbed-src/common/InterruptManager.o
LOAD mbed-src/common/LocalFileSystem.o
LOAD mbed-src/common/RawSerial.o
LOAD mbed-src/common/SPI.o
LOAD mbed-src/common/SPISlave.o
LOAD mbed-src/common/Serial.o
LOAD mbed-src/common/SerialBase.o
LOAD mbed-src/common/Stream.o
LOAD mbed-src/common/Ticker.o
LOAD mbed-src/common/Timeout.o
LOAD mbed-src/common/Timer.o
LOAD mbed-src/common/TimerEvent.o
LOAD mbed-src/common/retarget.o
LOAD c:/program files (x86)/gnu tools arm embedded/5.2 2015q4/bin/../lib/gcc/arm-none-eabi/5.2.1/../../../../arm-none-eabi/lib/armv7e-m/softfp/fpv5-sp-d16\libstdc++_nano.a
LOAD c:/program files (x86)/gnu tools arm embedded/5.2 2015q4/bin/../lib/gcc/arm-none-eabi/5.2.1/../../../../arm-none-eabi/lib/armv7e-m/softfp/fpv5-sp-d16\libsupc++_nano.a
LOAD c:/program files (x86)/gnu tools arm embedded/5.2 2015q4/bin/../lib/gcc/arm-none-eabi/5.2.1/../../../../arm-none-eabi/lib/armv7e-m/softfp/fpv5-sp-d16\libm.a
LOAD c:/program files (x86)/gnu tools arm embedded/5.2 2015q4/bin/../lib/gcc/arm-none-eabi/5.2.1/../../../../arm-none-eabi/lib/armv7e-m/softfp/fpv5-sp-d16\libc_nano.a
LOAD c:/program files (x86)/gnu tools arm embedded/5.2 2015q4/bin/../lib/gcc/arm-none-eabi/5.2.1/armv7e-m/softfp/fpv5-sp-d16\libgcc.a
LOAD c:/program files (x86)/gnu tools arm embedded/5.2 2015q4/bin/../lib/gcc/arm-none-eabi/5.2.1/../../../../arm-none-eabi/lib/armv7e-m/softfp/fpv5-sp-d16\libnosys.a
LOAD c:/program files (x86)/gnu tools arm embedded/5.2 2015q4/bin/../lib/gcc/arm-none-eabi/5.2.1/../../../../arm-none-eabi/lib/armv7e-m/softfp/fpv5-sp-d16\libstdc++_nano.a
LOAD c:/program files (x86)/gnu tools arm embedded/5.2 2015q4/bin/../lib/gcc/arm-none-eabi/5.2.1/../../../../arm-none-eabi/lib/armv7e-m/softfp/fpv5-sp-d16\libsupc++_nano.a
LOAD c:/program files (x86)/gnu tools arm embedded/5.2 2015q4/bin/../lib/gcc/arm-none-eabi/5.2.1/../../../../arm-none-eabi/lib/armv7e-m/softfp/fpv5-sp-d16\libm.a
LOAD c:/program files (x86)/gnu tools arm embedded/5.2 2015q4/bin/../lib/gcc/arm-none-eabi/5.2.1/../../../../arm-none-eabi/lib/armv7e-m/softfp/fpv5-sp-d16\libc_nano.a
LOAD c:/program files (x86)/gnu tools arm embedded/5.2 2015q4/bin/../lib/gcc/arm-none-eabi/5.2.1/armv7e-m/softfp/fpv5-sp-d16\libgcc.a
LOAD c:/program files (x86)/gnu tools arm embedded/5.2 2015q4/bin/../lib/gcc/arm-none-eabi/5.2.1/../../../../arm-none-eabi/lib/armv7e-m/softfp/fpv5-sp-d16\libnosys.a
START GROUP
LOAD c:/program files (x86)/gnu tools arm embedded/5.2 2015q4/bin/../lib/gcc/arm-none-eabi/5.2.1/armv7e-m/softfp/fpv5-sp-d16\libgcc.a
LOAD c:/program files (x86)/gnu tools arm embedded/5.2 2015q4/bin/../lib/gcc/arm-none-eabi/5.2.1/../../../../arm-none-eabi/lib/armv7e-m/softfp/fpv5-sp-d16\libc_nano.a
END GROUP
START GROUP
LOAD c:/program files (x86)/gnu tools arm embedded/5.2 2015q4/bin/../lib/gcc/arm-none-eabi/5.2.1/armv7e-m/softfp/fpv5-sp-d16\libgcc.a
LOAD c:/program files (x86)/gnu tools arm embedded/5.2 2015q4/bin/../lib/gcc/arm-none-eabi/5.2.1/../../../../arm-none-eabi/lib/armv7e-m/softfp/fpv5-sp-d16\libc_nano.a
END GROUP
LOAD c:/program files (x86)/gnu tools arm embedded/5.2 2015q4/bin/../lib/gcc/arm-none-eabi/5.2.1/armv7e-m/softfp/fpv5-sp-d16/crtend.o
LOAD c:/program files (x86)/gnu tools arm embedded/5.2 2015q4/bin/../lib/gcc/arm-none-eabi/5.2.1/armv7e-m/softfp/fpv5-sp-d16/crtn.o

.text           0x08000000     0x7178
 *(.isr_vector)
 .isr_vector    0x08000000      0x1c8 mbed-src/targets/cmsis/TARGET_STM/TARGET_STM32F7/TARGET_DISCO_F746NG/TOOLCHAIN_GCC_ARM/startup_stm32f746xx.o
                0x08000000                g_pfnVectors
 *(.text*)
 .text          0x080001c8       0xa4 c:/program files (x86)/gnu tools arm embedded/5.2 2015q4/bin/../lib/gcc/arm-none-eabi/5.2.1/armv7e-m/softfp/fpv5-sp-d16/crtbegin.o
 .text          0x0800026c       0x74 c:/program files (x86)/gnu tools arm embedded/5.2 2015q4/bin/../lib/gcc/arm-none-eabi/5.2.1/../../../../arm-none-eabi/lib/armv7e-m/softfp/fpv5-sp-d16/crt0.o
                0x0800026c                _start
                0x0800026c                _mainCRTStartup
 .text.Reset_Handler
                0x080002e0       0x4c mbed-src/targets/cmsis/TARGET_STM/TARGET_STM32F7/TARGET_DISCO_F746NG/TOOLCHAIN_GCC_ARM/startup_stm32f746xx.o
                0x080002e0                Reset_Handler
 .text.Default_Handler
                0x0800032c        0x2 mbed-src/targets/cmsis/TARGET_STM/TARGET_STM32F7/TARGET_DISCO_F746NG/TOOLCHAIN_GCC_ARM/startup_stm32f746xx.o
                0x0800032c                RTC_Alarm_IRQHandler
                0x0800032c                EXTI2_IRQHandler
                0x0800032c                TIM8_CC_IRQHandler
                0x0800032c                DebugMon_Handler
                0x0800032c                UART8_IRQHandler
                0x0800032c                SPI4_IRQHandler
                0x0800032c                TIM1_CC_IRQHandler
                0x0800032c                DMA2_Stream5_IRQHandler
                0x0800032c                HardFault_Handler
                0x0800032c                DMA1_Stream5_IRQHandler
                0x0800032c                SysTick_Handler
                0x0800032c                PVD_IRQHandler
                0x0800032c                TAMP_STAMP_IRQHandler
                0x0800032c                PendSV_Handler
                0x0800032c                NMI_Handler
                0x0800032c                CAN2_RX1_IRQHandler
                0x0800032c                EXTI3_IRQHandler
                0x0800032c                TIM8_TRG_COM_TIM14_IRQHandler
                0x0800032c                TIM1_UP_TIM10_IRQHandler
                0x0800032c                TIM8_UP_TIM13_IRQHandler
                0x0800032c                I2C3_ER_IRQHandler
                0x0800032c                EXTI0_IRQHandler
                0x0800032c                I2C2_EV_IRQHandler
                0x0800032c                DMA1_Stream2_IRQHandler
                0x0800032c                CAN1_RX0_IRQHandler
                0x0800032c                FPU_IRQHandler
                0x0800032c                OTG_HS_WKUP_IRQHandler
                0x0800032c                UsageFault_Handler
                0x0800032c                LTDC_ER_IRQHandler
                0x0800032c                CAN2_SCE_IRQHandler
                0x0800032c                DMA2_Stream2_IRQHandler
                0x0800032c                SPI1_IRQHandler
                0x0800032c                TIM6_DAC_IRQHandler
                0x0800032c                TIM1_BRK_TIM9_IRQHandler
                0x0800032c                DCMI_IRQHandler
                0x0800032c                CAN2_RX0_IRQHandler
                0x0800032c                DMA2_Stream3_IRQHandler
                0x0800032c                SAI2_IRQHandler
                0x0800032c                USART6_IRQHandler
                0x0800032c                USART3_IRQHandler
                0x0800032c                CAN1_RX1_IRQHandler
                0x0800032c                UART5_IRQHandler
                0x0800032c                DMA2_Stream0_IRQHandler
                0x0800032c                TIM4_IRQHandler
                0x0800032c                QUADSPI_IRQHandler
                0x0800032c                I2C1_EV_IRQHandler
                0x0800032c                DMA1_Stream6_IRQHandler
                0x0800032c                DMA1_Stream1_IRQHandler
                0x0800032c                UART4_IRQHandler
                0x0800032c                TIM3_IRQHandler
                0x0800032c                RCC_IRQHandler
                0x0800032c                TIM8_BRK_TIM12_IRQHandler
                0x0800032c                Default_Handler
                0x0800032c                CEC_IRQHandler
                0x0800032c                EXTI15_10_IRQHandler
                0x0800032c                ADC_IRQHandler
                0x0800032c                DMA1_Stream7_IRQHandler
                0x0800032c                SPI5_IRQHandler
                0x0800032c                TIM7_IRQHandler
                0x0800032c                SDMMC1_IRQHandler
                0x0800032c                CAN2_TX_IRQHandler
                0x0800032c                TIM5_IRQHandler
                0x0800032c                DMA2_Stream7_IRQHandler
                0x0800032c                I2C3_EV_IRQHandler
                0x0800032c                EXTI9_5_IRQHandler
                0x0800032c                RTC_WKUP_IRQHandler
                0x0800032c                LTDC_IRQHandler
                0x0800032c                ETH_WKUP_IRQHandler
                0x0800032c                SPDIF_RX_IRQHandler
                0x0800032c                SPI2_IRQHandler
                0x0800032c                OTG_HS_EP1_IN_IRQHandler
                0x0800032c                MemManage_Handler
                0x0800032c                DMA1_Stream0_IRQHandler
                0x0800032c                CAN1_TX_IRQHandler
                0x0800032c                SVC_Handler
                0x0800032c                EXTI4_IRQHandler
                0x0800032c                RNG_IRQHandler
                0x0800032c                ETH_IRQHandler
                0x0800032c                OTG_HS_EP1_OUT_IRQHandler
                0x0800032c                WWDG_IRQHandler
                0x0800032c                SPI6_IRQHandler
                0x0800032c                I2C4_EV_IRQHandler
                0x0800032c                TIM2_IRQHandler
                0x0800032c                OTG_FS_WKUP_IRQHandler
                0x0800032c                TIM1_TRG_COM_TIM11_IRQHandler
                0x0800032c                OTG_HS_IRQHandler
                0x0800032c                DMA2D_IRQHandler
                0x0800032c                EXTI1_IRQHandler
                0x0800032c                UART7_IRQHandler
                0x0800032c                USART2_IRQHandler
                0x0800032c                I2C2_ER_IRQHandler
                0x0800032c                DMA2_Stream1_IRQHandler
                0x0800032c                CAN1_SCE_IRQHandler
                0x0800032c                FLASH_IRQHandler
                0x0800032c                DMA2_Stream4_IRQHandler
                0x0800032c                BusFault_Handler
                0x0800032c                USART1_IRQHandler
                0x0800032c                OTG_FS_IRQHandler
                0x0800032c                SPI3_IRQHandler
                0x0800032c                DMA1_Stream4_IRQHandler
                0x0800032c                I2C1_ER_IRQHandler
                0x0800032c                FMC_IRQHandler
                0x0800032c                LPTIM1_IRQHandler
                0x0800032c                I2C4_ER_IRQHandler
                0x0800032c                DMA2_Stream6_IRQHandler
                0x0800032c                SAI1_IRQHandler
                0x0800032c                DMA1_Stream3_IRQHandler
 .text.HAL_MspInit
                0x0800032e        0x2 mbed-src/targets/cmsis/TARGET_STM/TARGET_STM32F7/stm32f7xx_hal.o
                0x0800032e                HAL_MspInit
 .text.HAL_Init
                0x08000330       0x24 mbed-src/targets/cmsis/TARGET_STM/TARGET_STM32F7/stm32f7xx_hal.o
                0x08000330                HAL_Init
 .text.HAL_IncTick
                0x08000354       0x10 mbed-src/targets/cmsis/TARGET_STM/TARGET_STM32F7/stm32f7xx_hal.o
                0x08000354                HAL_IncTick
 .text.HAL_GetTick
                0x08000364        0xc mbed-src/targets/cmsis/TARGET_STM/TARGET_STM32F7/stm32f7xx_hal.o
                0x08000364                HAL_GetTick
 .text.HAL_NVIC_SetPriorityGrouping
                0x08000370       0x24 mbed-src/targets/cmsis/TARGET_STM/TARGET_STM32F7/stm32f7xx_hal_cortex.o
                0x08000370                HAL_NVIC_SetPriorityGrouping
 .text.HAL_GPIO_Init
                0x08000394      0x1d8 mbed-src/targets/cmsis/TARGET_STM/TARGET_STM32F7/stm32f7xx_hal_gpio.o
                0x08000394                HAL_GPIO_Init
 .text.HAL_PWREx_EnableOverDrive
                0x0800056c       0x70 mbed-src/targets/cmsis/TARGET_STM/TARGET_STM32F7/stm32f7xx_hal_pwr_ex.o
                0x0800056c                HAL_PWREx_EnableOverDrive
 .text.HAL_RCC_OscConfig
                0x080005dc      0x3bc mbed-src/targets/cmsis/TARGET_STM/TARGET_STM32F7/stm32f7xx_hal_rcc.o
                0x080005dc                HAL_RCC_OscConfig
 .text.HAL_RCC_ClockConfig
                0x08000998      0x1bc mbed-src/targets/cmsis/TARGET_STM/TARGET_STM32F7/stm32f7xx_hal_rcc.o
                0x08000998                HAL_RCC_ClockConfig
 .text.HAL_RCC_GetSysClockFreq
                0x08000b54       0x8c mbed-src/targets/cmsis/TARGET_STM/TARGET_STM32F7/stm32f7xx_hal_rcc.o
                0x08000b54                HAL_RCC_GetSysClockFreq
 .text.HAL_RCC_GetHCLKFreq
                0x08000be0       0x38 mbed-src/targets/cmsis/TARGET_STM/TARGET_STM32F7/stm32f7xx_hal_rcc.o
                0x08000be0                HAL_RCC_GetHCLKFreq
 .text.HAL_RCC_GetPCLK1Freq
                0x08000c18       0x30 mbed-src/targets/cmsis/TARGET_STM/TARGET_STM32F7/stm32f7xx_hal_rcc.o
                0x08000c18                HAL_RCC_GetPCLK1Freq
 .text.HAL_RCC_GetPCLK2Freq
                0x08000c48       0x30 mbed-src/targets/cmsis/TARGET_STM/TARGET_STM32F7/stm32f7xx_hal_rcc.o
                0x08000c48                HAL_RCC_GetPCLK2Freq
 .text.HAL_RCC_GetClockConfig
                0x08000c78       0x3c mbed-src/targets/cmsis/TARGET_STM/TARGET_STM32F7/stm32f7xx_hal_rcc.o
                0x08000c78                HAL_RCC_GetClockConfig
 .text.HAL_TIM_OC_MspInit
                0x08000cb4        0x2 mbed-src/targets/cmsis/TARGET_STM/TARGET_STM32F7/stm32f7xx_hal_tim.o
                0x08000cb4                HAL_TIM_OC_MspInit
 *fill*         0x08000cb6        0x2 
 .text.TIM_Base_SetConfig
                0x08000cb8       0xc8 mbed-src/targets/cmsis/TARGET_STM/TARGET_STM32F7/stm32f7xx_hal_tim.o
                0x08000cb8                TIM_Base_SetConfig
 .text.HAL_TIM_OC_Init
                0x08000d80       0x34 mbed-src/targets/cmsis/TARGET_STM/TARGET_STM32F7/stm32f7xx_hal_tim.o
                0x08000d80                HAL_TIM_OC_Init
 .text.TIM_CCxChannelCmd
                0x08000db4       0x1a mbed-src/targets/cmsis/TARGET_STM/TARGET_STM32F7/stm32f7xx_hal_tim.o
                0x08000db4                TIM_CCxChannelCmd
 *fill*         0x08000dce        0x2 
 .text.HAL_TIM_PWM_Start
                0x08000dd0       0x34 mbed-src/targets/cmsis/TARGET_STM/TARGET_STM32F7/stm32f7xx_hal_tim.o
                0x08000dd0                HAL_TIM_PWM_Start
 .text.HAL_TIM_OC_Start
                0x08000e04        0x4 mbed-src/targets/cmsis/TARGET_STM/TARGET_STM32F7/stm32f7xx_hal_tim.o
                0x08000e04                HAL_TIM_OC_Start
 .text.HAL_UART_MspInit
                0x08000e08        0x2 mbed-src/targets/cmsis/TARGET_STM/TARGET_STM32F7/stm32f7xx_hal_uart.o
                0x08000e08                HAL_UART_MspInit
 .text.UART_WaitOnFlagUntilTimeout
                0x08000e0a       0x8a mbed-src/targets/cmsis/TARGET_STM/TARGET_STM32F7/stm32f7xx_hal_uart.o
                0x08000e0a                UART_WaitOnFlagUntilTimeout
 .text.UART_SetConfig
                0x08000e94      0x254 mbed-src/targets/cmsis/TARGET_STM/TARGET_STM32F7/stm32f7xx_hal_uart.o
                0x08000e94                UART_SetConfig
 .text.UART_AdvFeatureConfig
                0x080010e8       0xaa mbed-src/targets/cmsis/TARGET_STM/TARGET_STM32F7/stm32f7xx_hal_uart.o
                0x080010e8                UART_AdvFeatureConfig
 .text.UART_CheckIdleState
                0x08001192       0x50 mbed-src/targets/cmsis/TARGET_STM/TARGET_STM32F7/stm32f7xx_hal_uart.o
                0x08001192                UART_CheckIdleState
 .text.HAL_UART_Init
                0x080011e2       0x64 mbed-src/targets/cmsis/TARGET_STM/TARGET_STM32F7/stm32f7xx_hal_uart.o
                0x080011e2                HAL_UART_Init
 *fill*         0x08001246        0x2 
 .text.NVIC_SetVector
                0x08001248       0x40 mbed-src/targets/cmsis/TARGET_STM/TARGET_STM32F7/TARGET_DISCO_F746NG/cmsis_nvic.o
                0x08001248                NVIC_SetVector
 .text.timer_irq_handler
                0x08001288       0x50 mbed-src/targets/cmsis/TARGET_STM/TARGET_STM32F7/TARGET_DISCO_F746NG/hal_tick.o
                0x08001288                timer_irq_handler
 .text.HAL_InitTick
                0x080012d8       0xb8 mbed-src/targets/cmsis/TARGET_STM/TARGET_STM32F7/TARGET_DISCO_F746NG/hal_tick.o
                0x080012d8                HAL_InitTick
 .text.SCB_EnableICache
                0x08001390       0x28 mbed-src/targets/cmsis/TARGET_STM/TARGET_STM32F7/TARGET_DISCO_F746NG/system_stm32f7xx.o
 .text.SCB_EnableDCache
                0x080013b8       0x64 mbed-src/targets/cmsis/TARGET_STM/TARGET_STM32F7/TARGET_DISCO_F746NG/system_stm32f7xx.o
 .text.SetSysClock_PLL_HSI.part.1
                0x0800141c       0x2e mbed-src/targets/cmsis/TARGET_STM/TARGET_STM32F7/TARGET_DISCO_F746NG/system_stm32f7xx.o
 *fill*         0x0800144a        0x2 
 .text.SystemCoreClockUpdate
                0x0800144c       0x74 mbed-src/targets/cmsis/TARGET_STM/TARGET_STM32F7/TARGET_DISCO_F746NG/system_stm32f7xx.o
                0x0800144c                SystemCoreClockUpdate
 .text.SetSysClock_PLL_HSE
                0x080014c0       0x68 mbed-src/targets/cmsis/TARGET_STM/TARGET_STM32F7/TARGET_DISCO_F746NG/system_stm32f7xx.o
                0x080014c0                SetSysClock_PLL_HSE
 .text.SetSysClock_PLL_HSI
                0x08001528       0x68 mbed-src/targets/cmsis/TARGET_STM/TARGET_STM32F7/TARGET_DISCO_F746NG/system_stm32f7xx.o
                0x08001528                SetSysClock_PLL_HSI
 .text.SetSysClock
                0x08001590       0x14 mbed-src/targets/cmsis/TARGET_STM/TARGET_STM32F7/TARGET_DISCO_F746NG/system_stm32f7xx.o
                0x08001590                SetSysClock
 .text.SystemInit
                0x080015a4       0x7c mbed-src/targets/cmsis/TARGET_STM/TARGET_STM32F7/TARGET_DISCO_F746NG/system_stm32f7xx.o
                0x080015a4                SystemInit
 .text.gpio_set
                0x08001620       0x14 mbed-src/targets/hal/TARGET_STM/TARGET_STM32F7/gpio_api.o
                0x08001620                gpio_set
 .text.gpio_init
                0x08001634       0x2a mbed-src/targets/hal/TARGET_STM/TARGET_STM32F7/gpio_api.o
                0x08001634                gpio_init
 .text.gpio_mode
                0x0800165e        0x8 mbed-src/targets/hal/TARGET_STM/TARGET_STM32F7/gpio_api.o
                0x0800165e                gpio_mode
 .text.gpio_dir
                0x08001666        0xe mbed-src/targets/hal/TARGET_STM/TARGET_STM32F7/gpio_api.o
                0x08001666                gpio_dir
 .text.mbed_sdk_init
                0x08001674        0xe mbed-src/targets/hal/TARGET_STM/TARGET_STM32F7/mbed_overrides.o
                0x08001674                mbed_sdk_init
 *fill*         0x08001682        0x2 
 .text.Set_GPIO_Clock
                0x08001684      0x164 mbed-src/targets/hal/TARGET_STM/TARGET_STM32F7/pinmap.o
                0x08001684                Set_GPIO_Clock
 .text.pin_function
                0x080017e8       0x48 mbed-src/targets/hal/TARGET_STM/TARGET_STM32F7/pinmap.o
                0x080017e8                pin_function
 .text.pin_mode
                0x08001830       0x30 mbed-src/targets/hal/TARGET_STM/TARGET_STM32F7/pinmap.o
                0x08001830                pin_mode
 .text.init_uart
                0x08001860       0x54 mbed-src/targets/hal/TARGET_STM/TARGET_STM32F7/serial_api.o
 .text.serial_init
                0x080018b4      0x1a0 mbed-src/targets/hal/TARGET_STM/TARGET_STM32F7/serial_api.o
                0x080018b4                serial_init
 .text.serial_readable
                0x08001a54       0x14 mbed-src/targets/hal/TARGET_STM/TARGET_STM32F7/serial_api.o
                0x08001a54                serial_readable
 .text.serial_getc
                0x08001a68       0x18 mbed-src/targets/hal/TARGET_STM/TARGET_STM32F7/serial_api.o
                0x08001a68                serial_getc
 .text.serial_writable
                0x08001a80       0x14 mbed-src/targets/hal/TARGET_STM/TARGET_STM32F7/serial_api.o
                0x08001a80                serial_writable
 .text.serial_putc
                0x08001a94       0x18 mbed-src/targets/hal/TARGET_STM/TARGET_STM32F7/serial_api.o
                0x08001a94                serial_putc
 .text.us_ticker_init
                0x08001aac       0x24 mbed-src/targets/hal/TARGET_STM/TARGET_STM32F7/us_ticker.o
                0x08001aac                us_ticker_init
 .text.us_ticker_read
                0x08001ad0       0x1c mbed-src/targets/hal/TARGET_STM/TARGET_STM32F7/us_ticker.o
                0x08001ad0                us_ticker_read
 .text.us_ticker_set_interrupt
                0x08001aec       0x14 mbed-src/targets/hal/TARGET_STM/TARGET_STM32F7/us_ticker.o
                0x08001aec                us_ticker_set_interrupt
 .text.us_ticker_disable_interrupt
                0x08001b00       0x14 mbed-src/targets/hal/TARGET_STM/TARGET_STM32F7/us_ticker.o
                0x08001b00                us_ticker_disable_interrupt
 .text.us_ticker_clear_interrupt
                0x08001b14       0x10 mbed-src/targets/hal/TARGET_STM/TARGET_STM32F7/us_ticker.o
                0x08001b14                us_ticker_clear_interrupt
 .text.mbed_die
                0x08001b24       0x12 mbed-src/common/board.o
                0x08001b24                mbed_die
 *fill*         0x08001b36        0x2 
 .text.error    0x08001b38       0x20 mbed-src/common/error.o
                0x08001b38                error
 .text._gpio_init_out.part.2
                0x08001b58       0x24 mbed-src/common/gpio.o
 .text.gpio_init_out_ex
                0x08001b7c       0x20 mbed-src/common/gpio.o
                0x08001b7c                gpio_init_out_ex
 .text.gpio_init_out
                0x08001b9c        0x6 mbed-src/common/gpio.o
                0x08001b9c                gpio_init_out
 *fill*         0x08001ba2        0x2 
 .text.pinmap_pinout
                0x08001ba4       0x3c mbed-src/common/pinmap_common.o
                0x08001ba4                pinmap_pinout
 .text.pinmap_merge
                0x08001be0       0x24 mbed-src/common/pinmap_common.o
                0x08001be0                pinmap_merge
 .text.pinmap_find_peripheral
                0x08001c04       0x18 mbed-src/common/pinmap_common.o
                0x08001c04                pinmap_find_peripheral
 .text.pinmap_peripheral
                0x08001c1c       0x20 mbed-src/common/pinmap_common.o
                0x08001c1c                pinmap_peripheral
 .text.ticker_irq_handler
                0x08001c3c       0x46 mbed-src/common/ticker_api.o
                0x08001c3c                ticker_irq_handler
 *fill*         0x08001c82        0x2 
 .text.us_ticker_irq_handler
                0x08001c84        0xc mbed-src/common/us_ticker_api.o
                0x08001c84                us_ticker_irq_handler
 .text.wait_us  0x08001c90       0x16 mbed-src/common/wait_api.o
                0x08001c90                wait_us
 *fill*         0x08001ca6        0x2 
 .text.wait     0x08001ca8       0x1c mbed-src/common/wait_api.o
                0x08001ca8                wait
 .text.wait_ms  0x08001cc4        0xa mbed-src/common/wait_api.o
                0x08001cc4                wait_ms
 *fill*         0x08001cce        0x2 
 .text.startup.main
                0x08001cd0       0x34 main.o
                0x08001cd0                main
 .text._ZL11init_serialv
                0x08001d04       0x1c mbed-src/common/retarget.o
 .text._close   0x08001d20       0x2c mbed-src/common/retarget.o
                0x08001d20                _close
 .text._write   0x08001d4c       0x50 mbed-src/common/retarget.o
                0x08001d4c                _write
 .text._read    0x08001d9c       0x44 mbed-src/common/retarget.o
                0x08001d9c                _read
 .text._isatty  0x08001de0       0x24 mbed-src/common/retarget.o
                0x08001de0                _isatty
 .text._lseek   0x08001e04       0x24 mbed-src/common/retarget.o
                0x08001e04                _lseek
 .text._fstat   0x08001e28       0x1e mbed-src/common/retarget.o
                0x08001e28                _fstat
 .text.mbed_main
                0x08001e46        0x2 mbed-src/common/retarget.o
                0x08001e46                mbed_main
 .text.__wrap_main
                0x08001e48       0x12 mbed-src/common/retarget.o
                0x08001e48                __wrap_main
 *fill*         0x08001e5a        0x2 
 .text._sbrk    0x08001e5c       0x28 mbed-src/common/retarget.o
                0x08001e5c                _sbrk
 .text._exit    0x08001e84       0x24 mbed-src/common/retarget.o
                0x08001e84                _exit
 .text.__errno  0x08001ea8        0xc c:/program files (x86)/gnu tools arm embedded/5.2 2015q4/bin/../lib/gcc/arm-none-eabi/5.2.1/../../../../arm-none-eabi/lib/armv7e-m/softfp/fpv5-sp-d16\libc_nano.a(lib_a-errno.o)
                0x08001ea8                __errno
 .text.exit     0x08001eb4       0x28 c:/program files (x86)/gnu tools arm embedded/5.2 2015q4/bin/../lib/gcc/arm-none-eabi/5.2.1/../../../../arm-none-eabi/lib/armv7e-m/softfp/fpv5-sp-d16\libc_nano.a(lib_a-exit.o)
                0x08001eb4                exit
 .text.__sflush_r
                0x08001edc      0x110 c:/program files (x86)/gnu tools arm embedded/5.2 2015q4/bin/../lib/gcc/arm-none-eabi/5.2.1/../../../../arm-none-eabi/lib/armv7e-m/softfp/fpv5-sp-d16\libc_nano.a(lib_a-fflush.o)
                0x08001edc                __sflush_r
 .text._fflush_r
                0x08001fec       0x54 c:/program files (x86)/gnu tools arm embedded/5.2 2015q4/bin/../lib/gcc/arm-none-eabi/5.2.1/../../../../arm-none-eabi/lib/armv7e-m/softfp/fpv5-sp-d16\libc_nano.a(lib_a-fflush.o)
                0x08001fec                _fflush_r
 .text.fflush   0x08002040       0x24 c:/program files (x86)/gnu tools arm embedded/5.2 2015q4/bin/../lib/gcc/arm-none-eabi/5.2.1/../../../../arm-none-eabi/lib/armv7e-m/softfp/fpv5-sp-d16\libc_nano.a(lib_a-fflush.o)
                0x08002040                fflush
 .text._cleanup_r
                0x08002064        0xc c:/program files (x86)/gnu tools arm embedded/5.2 2015q4/bin/../lib/gcc/arm-none-eabi/5.2.1/../../../../arm-none-eabi/lib/armv7e-m/softfp/fpv5-sp-d16\libc_nano.a(lib_a-findfp.o)
                0x08002064                _cleanup_r
 .text.std.isra.0
                0x08002070       0x48 c:/program files (x86)/gnu tools arm embedded/5.2 2015q4/bin/../lib/gcc/arm-none-eabi/5.2.1/../../../../arm-none-eabi/lib/armv7e-m/softfp/fpv5-sp-d16\libc_nano.a(lib_a-findfp.o)
 .text.__sfmoreglue
                0x080020b8       0x2c c:/program files (x86)/gnu tools arm embedded/5.2 2015q4/bin/../lib/gcc/arm-none-eabi/5.2.1/../../../../arm-none-eabi/lib/armv7e-m/softfp/fpv5-sp-d16\libc_nano.a(lib_a-findfp.o)
                0x080020b8                __sfmoreglue
 .text.__sinit  0x080020e4       0x60 c:/program files (x86)/gnu tools arm embedded/5.2 2015q4/bin/../lib/gcc/arm-none-eabi/5.2.1/../../../../arm-none-eabi/lib/armv7e-m/softfp/fpv5-sp-d16\libc_nano.a(lib_a-findfp.o)
                0x080020e4                __sinit
 .text.__sfp    0x08002144       0x78 c:/program files (x86)/gnu tools arm embedded/5.2 2015q4/bin/../lib/gcc/arm-none-eabi/5.2.1/../../../../arm-none-eabi/lib/armv7e-m/softfp/fpv5-sp-d16\libc_nano.a(lib_a-findfp.o)
                0x08002144                __sfp
 .text._fwalk_reent
                0x080021bc       0x3c c:/program files (x86)/gnu tools arm embedded/5.2 2015q4/bin/../lib/gcc/arm-none-eabi/5.2.1/../../../../arm-none-eabi/lib/armv7e-m/softfp/fpv5-sp-d16\libc_nano.a(lib_a-fwalk.o)
                0x080021bc                _fwalk_reent
 .text.__libc_init_array
                0x080021f8       0x4c c:/program files (x86)/gnu tools arm embedded/5.2 2015q4/bin/../lib/gcc/arm-none-eabi/5.2.1/../../../../arm-none-eabi/lib/armv7e-m/softfp/fpv5-sp-d16\libc_nano.a(lib_a-init.o)
                0x080021f8                __libc_init_array
 .text.__smakebuf_r
                0x08002244       0x9c c:/program files (x86)/gnu tools arm embedded/5.2 2015q4/bin/../lib/gcc/arm-none-eabi/5.2.1/../../../../arm-none-eabi/lib/armv7e-m/softfp/fpv5-sp-d16\libc_nano.a(lib_a-makebuf.o)
                0x08002244                __smakebuf_r
 .text.malloc   0x080022e0       0x10 c:/program files (x86)/gnu tools arm embedded/5.2 2015q4/bin/../lib/gcc/arm-none-eabi/5.2.1/../../../../arm-none-eabi/lib/armv7e-m/softfp/fpv5-sp-d16\libc_nano.a(lib_a-malloc.o)
                0x080022e0                malloc
 .text          0x080022f0       0xa0 c:/program files (x86)/gnu tools arm embedded/5.2 2015q4/bin/../lib/gcc/arm-none-eabi/5.2.1/../../../../arm-none-eabi/lib/armv7e-m/softfp/fpv5-sp-d16\libc_nano.a(lib_a-memchr.o)
                0x080022f0                memchr
 .text.memcpy   0x08002390       0x16 c:/program files (x86)/gnu tools arm embedded/5.2 2015q4/bin/../lib/gcc/arm-none-eabi/5.2.1/../../../../arm-none-eabi/lib/armv7e-m/softfp/fpv5-sp-d16\libc_nano.a(lib_a-memcpy-stub.o)
                0x08002390                memcpy
 .text.memmove  0x080023a6       0x36 c:/program files (x86)/gnu tools arm embedded/5.2 2015q4/bin/../lib/gcc/arm-none-eabi/5.2.1/../../../../arm-none-eabi/lib/armv7e-m/softfp/fpv5-sp-d16\libc_nano.a(lib_a-memmove.o)
                0x080023a6                memmove
 .text.memset   0x080023dc       0x10 c:/program files (x86)/gnu tools arm embedded/5.2 2015q4/bin/../lib/gcc/arm-none-eabi/5.2.1/../../../../arm-none-eabi/lib/armv7e-m/softfp/fpv5-sp-d16\libc_nano.a(lib_a-memset.o)
                0x080023dc                memset
 .text._free_r  0x080023ec       0x8c c:/program files (x86)/gnu tools arm embedded/5.2 2015q4/bin/../lib/gcc/arm-none-eabi/5.2.1/../../../../arm-none-eabi/lib/armv7e-m/softfp/fpv5-sp-d16\libc_nano.a(lib_a-nano-freer.o)
                0x080023ec                _free_r
 .text._malloc_r
                0x08002478       0xa8 c:/program files (x86)/gnu tools arm embedded/5.2 2015q4/bin/../lib/gcc/arm-none-eabi/5.2.1/../../../../arm-none-eabi/lib/armv7e-m/softfp/fpv5-sp-d16\libc_nano.a(lib_a-nano-mallocr.o)
                0x08002478                _malloc_r
 .text.__sfputc_r
                0x08002520       0x30 c:/program files (x86)/gnu tools arm embedded/5.2 2015q4/bin/../lib/gcc/arm-none-eabi/5.2.1/../../../../arm-none-eabi/lib/armv7e-m/softfp/fpv5-sp-d16\libc_nano.a(lib_a-nano-vfprintf.o)
 .text.__sfputs_r
                0x08002550       0x24 c:/program files (x86)/gnu tools arm embedded/5.2 2015q4/bin/../lib/gcc/arm-none-eabi/5.2.1/../../../../arm-none-eabi/lib/armv7e-m/softfp/fpv5-sp-d16\libc_nano.a(lib_a-nano-vfprintf.o)
                0x08002550                __sfputs_r
 .text._vfprintf_r
                0x08002574      0x238 c:/program files (x86)/gnu tools arm embedded/5.2 2015q4/bin/../lib/gcc/arm-none-eabi/5.2.1/../../../../arm-none-eabi/lib/armv7e-m/softfp/fpv5-sp-d16\libc_nano.a(lib_a-nano-vfprintf.o)
                0x08002574                _vfprintf_r
                0x08002574                _vfiprintf_r
 .text.vfprintf
                0x080027ac       0x14 c:/program files (x86)/gnu tools arm embedded/5.2 2015q4/bin/../lib/gcc/arm-none-eabi/5.2.1/../../../../arm-none-eabi/lib/armv7e-m/softfp/fpv5-sp-d16\libc_nano.a(lib_a-nano-vfprintf.o)
                0x080027ac                vfprintf
                0x080027ac                vfiprintf
 .text.__cvt    0x080027c0       0xc2 c:/program files (x86)/gnu tools arm embedded/5.2 2015q4/bin/../lib/gcc/arm-none-eabi/5.2.1/../../../../arm-none-eabi/lib/armv7e-m/softfp/fpv5-sp-d16\libc_nano.a(lib_a-nano-vfprintf_float.o)
                0x080027c0                __cvt
 .text.__exponent
                0x08002882       0x60 c:/program files (x86)/gnu tools arm embedded/5.2 2015q4/bin/../lib/gcc/arm-none-eabi/5.2.1/../../../../arm-none-eabi/lib/armv7e-m/softfp/fpv5-sp-d16\libc_nano.a(lib_a-nano-vfprintf_float.o)
                0x08002882                __exponent
 *fill*         0x080028e2        0x2 
 .text._printf_float
                0x080028e4      0x46c c:/program files (x86)/gnu tools arm embedded/5.2 2015q4/bin/../lib/gcc/arm-none-eabi/5.2.1/../../../../arm-none-eabi/lib/armv7e-m/softfp/fpv5-sp-d16\libc_nano.a(lib_a-nano-vfprintf_float.o)
                0x080028e4                _printf_float
 .text._printf_common
                0x08002d50       0xec c:/program files (x86)/gnu tools arm embedded/5.2 2015q4/bin/../lib/gcc/arm-none-eabi/5.2.1/../../../../arm-none-eabi/lib/armv7e-m/softfp/fpv5-sp-d16\libc_nano.a(lib_a-nano-vfprintf_i.o)
                0x08002d50                _printf_common
 .text._printf_i
                0x08002e3c      0x24c c:/program files (x86)/gnu tools arm embedded/5.2 2015q4/bin/../lib/gcc/arm-none-eabi/5.2.1/../../../../arm-none-eabi/lib/armv7e-m/softfp/fpv5-sp-d16\libc_nano.a(lib_a-nano-vfprintf_i.o)
                0x08002e3c                _printf_i
 .text._scanf_float
                0x08003088      0x3b4 c:/program files (x86)/gnu tools arm embedded/5.2 2015q4/bin/../lib/gcc/arm-none-eabi/5.2.1/../../../../arm-none-eabi/lib/armv7e-m/softfp/fpv5-sp-d16\libc_nano.a(lib_a-nano-vfscanf_float.o)
                0x08003088                _scanf_float
 .text.__fpclassifyd
                0x0800343c       0x54 c:/program files (x86)/gnu tools arm embedded/5.2 2015q4/bin/../lib/gcc/arm-none-eabi/5.2.1/../../../../arm-none-eabi/lib/armv7e-m/softfp/fpv5-sp-d16\libc_nano.a(lib_a-s_fpclassify.o)
                0x0800343c                __fpclassifyd
 .text._sbrk_r  0x08003490       0x20 c:/program files (x86)/gnu tools arm embedded/5.2 2015q4/bin/../lib/gcc/arm-none-eabi/5.2.1/../../../../arm-none-eabi/lib/armv7e-m/softfp/fpv5-sp-d16\libc_nano.a(lib_a-sbrkr.o)
                0x08003490                _sbrk_r
 .text.nanf     0x080034b0        0x8 c:/program files (x86)/gnu tools arm embedded/5.2 2015q4/bin/../lib/gcc/arm-none-eabi/5.2.1/../../../../arm-none-eabi/lib/armv7e-m/softfp/fpv5-sp-d16\libc_nano.a(lib_a-sf_nan.o)
                0x080034b0                nanf
 .text.sprintf  0x080034b8       0x48 c:/program files (x86)/gnu tools arm embedded/5.2 2015q4/bin/../lib/gcc/arm-none-eabi/5.2.1/../../../../arm-none-eabi/lib/armv7e-m/softfp/fpv5-sp-d16\libc_nano.a(lib_a-sprintf.o)
                0x080034b8                siprintf
                0x080034b8                sprintf
 .text.__sread  0x08003500       0x22 c:/program files (x86)/gnu tools arm embedded/5.2 2015q4/bin/../lib/gcc/arm-none-eabi/5.2.1/../../../../arm-none-eabi/lib/armv7e-m/softfp/fpv5-sp-d16\libc_nano.a(lib_a-stdio.o)
                0x08003500                __sread
 .text.__swrite
                0x08003522       0x38 c:/program files (x86)/gnu tools arm embedded/5.2 2015q4/bin/../lib/gcc/arm-none-eabi/5.2.1/../../../../arm-none-eabi/lib/armv7e-m/softfp/fpv5-sp-d16\libc_nano.a(lib_a-stdio.o)
                0x08003522                __swrite
 .text.__sseek  0x0800355a       0x24 c:/program files (x86)/gnu tools arm embedded/5.2 2015q4/bin/../lib/gcc/arm-none-eabi/5.2.1/../../../../arm-none-eabi/lib/armv7e-m/softfp/fpv5-sp-d16\libc_nano.a(lib_a-stdio.o)
                0x0800355a                __sseek
 .text.__sclose
                0x0800357e        0x8 c:/program files (x86)/gnu tools arm embedded/5.2 2015q4/bin/../lib/gcc/arm-none-eabi/5.2.1/../../../../arm-none-eabi/lib/armv7e-m/softfp/fpv5-sp-d16\libc_nano.a(lib_a-stdio.o)
                0x0800357e                __sclose
 .text          0x08003586       0x10 c:/program files (x86)/gnu tools arm embedded/5.2 2015q4/bin/../lib/gcc/arm-none-eabi/5.2.1/../../../../arm-none-eabi/lib/armv7e-m/softfp/fpv5-sp-d16\libc_nano.a(lib_a-strlen.o)
                0x08003586                strlen
 .text.strncmp  0x08003596       0x2a c:/program files (x86)/gnu tools arm embedded/5.2 2015q4/bin/../lib/gcc/arm-none-eabi/5.2.1/../../../../arm-none-eabi/lib/armv7e-m/softfp/fpv5-sp-d16\libc_nano.a(lib_a-strncmp.o)
                0x08003596                strncmp
 .text.sulp     0x080035c0       0x42 c:/program files (x86)/gnu tools arm embedded/5.2 2015q4/bin/../lib/gcc/arm-none-eabi/5.2.1/../../../../arm-none-eabi/lib/armv7e-m/softfp/fpv5-sp-d16\libc_nano.a(lib_a-strtod.o)
 *fill*         0x08003602        0x6 
 .text._strtod_r
                0x08003608      0xbf8 c:/program files (x86)/gnu tools arm embedded/5.2 2015q4/bin/../lib/gcc/arm-none-eabi/5.2.1/../../../../arm-none-eabi/lib/armv7e-m/softfp/fpv5-sp-d16\libc_nano.a(lib_a-strtod.o)
                0x08003608                _strtod_r
 .text._strtol_r
                0x08004200      0x10c c:/program files (x86)/gnu tools arm embedded/5.2 2015q4/bin/../lib/gcc/arm-none-eabi/5.2.1/../../../../arm-none-eabi/lib/armv7e-m/softfp/fpv5-sp-d16\libc_nano.a(lib_a-strtol.o)
                0x08004200                _strtol_r
 .text.__swbuf_r
                0x0800430c       0xa8 c:/program files (x86)/gnu tools arm embedded/5.2 2015q4/bin/../lib/gcc/arm-none-eabi/5.2.1/../../../../arm-none-eabi/lib/armv7e-m/softfp/fpv5-sp-d16\libc_nano.a(lib_a-wbuf.o)
                0x0800430c                __swbuf_r
 .text._write_r
                0x080043b4       0x24 c:/program files (x86)/gnu tools arm embedded/5.2 2015q4/bin/../lib/gcc/arm-none-eabi/5.2.1/../../../../arm-none-eabi/lib/armv7e-m/softfp/fpv5-sp-d16\libc_nano.a(lib_a-writer.o)
                0x080043b4                _write_r
 .text.__swsetup_r
                0x080043d8       0xd8 c:/program files (x86)/gnu tools arm embedded/5.2 2015q4/bin/../lib/gcc/arm-none-eabi/5.2.1/../../../../arm-none-eabi/lib/armv7e-m/softfp/fpv5-sp-d16\libc_nano.a(lib_a-wsetup.o)
                0x080043d8                __swsetup_r
 .text._close_r
                0x080044b0       0x20 c:/program files (x86)/gnu tools arm embedded/5.2 2015q4/bin/../lib/gcc/arm-none-eabi/5.2.1/../../../../arm-none-eabi/lib/armv7e-m/softfp/fpv5-sp-d16\libc_nano.a(lib_a-closer.o)
                0x080044b0                _close_r
 .text.quorem   0x080044d0      0x11e c:/program files (x86)/gnu tools arm embedded/5.2 2015q4/bin/../lib/gcc/arm-none-eabi/5.2.1/../../../../arm-none-eabi/lib/armv7e-m/softfp/fpv5-sp-d16\libc_nano.a(lib_a-dtoa.o)
 *fill*         0x080045ee        0x2 
 .text._dtoa_r  0x080045f0      0xb38 c:/program files (x86)/gnu tools arm embedded/5.2 2015q4/bin/../lib/gcc/arm-none-eabi/5.2.1/../../../../arm-none-eabi/lib/armv7e-m/softfp/fpv5-sp-d16\libc_nano.a(lib_a-dtoa.o)
                0x080045f0                _dtoa_r
 .text._fstat_r
                0x08005128       0x24 c:/program files (x86)/gnu tools arm embedded/5.2 2015q4/bin/../lib/gcc/arm-none-eabi/5.2.1/../../../../arm-none-eabi/lib/armv7e-m/softfp/fpv5-sp-d16\libc_nano.a(lib_a-fstatr.o)
                0x08005128                _fstat_r
 .text.rshift   0x0800514c       0x6c c:/program files (x86)/gnu tools arm embedded/5.2 2015q4/bin/../lib/gcc/arm-none-eabi/5.2.1/../../../../arm-none-eabi/lib/armv7e-m/softfp/fpv5-sp-d16\libc_nano.a(lib_a-gdtoa-gethex.o)
 .text.__hexdig_fun
                0x080051b8       0x2a c:/program files (x86)/gnu tools arm embedded/5.2 2015q4/bin/../lib/gcc/arm-none-eabi/5.2.1/../../../../arm-none-eabi/lib/armv7e-m/softfp/fpv5-sp-d16\libc_nano.a(lib_a-gdtoa-gethex.o)
                0x080051b8                __hexdig_fun
 .text.__gethex
                0x080051e2      0x43e c:/program files (x86)/gnu tools arm embedded/5.2 2015q4/bin/../lib/gcc/arm-none-eabi/5.2.1/../../../../arm-none-eabi/lib/armv7e-m/softfp/fpv5-sp-d16\libc_nano.a(lib_a-gdtoa-gethex.o)
                0x080051e2                __gethex
 .text.L_shift  0x08005620       0x24 c:/program files (x86)/gnu tools arm embedded/5.2 2015q4/bin/../lib/gcc/arm-none-eabi/5.2.1/../../../../arm-none-eabi/lib/armv7e-m/softfp/fpv5-sp-d16\libc_nano.a(lib_a-gdtoa-hexnan.o)
 .text.__match  0x08005644       0x26 c:/program files (x86)/gnu tools arm embedded/5.2 2015q4/bin/../lib/gcc/arm-none-eabi/5.2.1/../../../../arm-none-eabi/lib/armv7e-m/softfp/fpv5-sp-d16\libc_nano.a(lib_a-gdtoa-hexnan.o)
                0x08005644                __match
 .text.__hexnan
                0x0800566a      0x11c c:/program files (x86)/gnu tools arm embedded/5.2 2015q4/bin/../lib/gcc/arm-none-eabi/5.2.1/../../../../arm-none-eabi/lib/armv7e-m/softfp/fpv5-sp-d16\libc_nano.a(lib_a-gdtoa-hexnan.o)
                0x0800566a                __hexnan
 *fill*         0x08005786        0x2 
 .text._isatty_r
                0x08005788       0x20 c:/program files (x86)/gnu tools arm embedded/5.2 2015q4/bin/../lib/gcc/arm-none-eabi/5.2.1/../../../../arm-none-eabi/lib/armv7e-m/softfp/fpv5-sp-d16\libc_nano.a(lib_a-isattyr.o)
                0x08005788                _isatty_r
 .text._localeconv_r
                0x080057a8        0x8 c:/program files (x86)/gnu tools arm embedded/5.2 2015q4/bin/../lib/gcc/arm-none-eabi/5.2.1/../../../../arm-none-eabi/lib/armv7e-m/softfp/fpv5-sp-d16\libc_nano.a(lib_a-locale.o)
                0x080057a8                _localeconv_r
 .text._lseek_r
                0x080057b0       0x24 c:/program files (x86)/gnu tools arm embedded/5.2 2015q4/bin/../lib/gcc/arm-none-eabi/5.2.1/../../../../arm-none-eabi/lib/armv7e-m/softfp/fpv5-sp-d16\libc_nano.a(lib_a-lseekr.o)
                0x080057b0                _lseek_r
 .text._Balloc  0x080057d4       0x6a c:/program files (x86)/gnu tools arm embedded/5.2 2015q4/bin/../lib/gcc/arm-none-eabi/5.2.1/../../../../arm-none-eabi/lib/armv7e-m/softfp/fpv5-sp-d16\libc_nano.a(lib_a-mprec.o)
                0x080057d4                _Balloc
 .text._Bfree   0x0800583e       0x2e c:/program files (x86)/gnu tools arm embedded/5.2 2015q4/bin/../lib/gcc/arm-none-eabi/5.2.1/../../../../arm-none-eabi/lib/armv7e-m/softfp/fpv5-sp-d16\libc_nano.a(lib_a-mprec.o)
                0x0800583e                _Bfree
 .text.__multadd
                0x0800586c       0x76 c:/program files (x86)/gnu tools arm embedded/5.2 2015q4/bin/../lib/gcc/arm-none-eabi/5.2.1/../../../../arm-none-eabi/lib/armv7e-m/softfp/fpv5-sp-d16\libc_nano.a(lib_a-mprec.o)
                0x0800586c                __multadd
 .text.__s2b    0x080058e2       0x7c c:/program files (x86)/gnu tools arm embedded/5.2 2015q4/bin/../lib/gcc/arm-none-eabi/5.2.1/../../../../arm-none-eabi/lib/armv7e-m/softfp/fpv5-sp-d16\libc_nano.a(lib_a-mprec.o)
                0x080058e2                __s2b
 .text.__hi0bits
                0x0800595e       0x40 c:/program files (x86)/gnu tools arm embedded/5.2 2015q4/bin/../lib/gcc/arm-none-eabi/5.2.1/../../../../arm-none-eabi/lib/armv7e-m/softfp/fpv5-sp-d16\libc_nano.a(lib_a-mprec.o)
                0x0800595e                __hi0bits
 .text.__lo0bits
                0x0800599e       0x5a c:/program files (x86)/gnu tools arm embedded/5.2 2015q4/bin/../lib/gcc/arm-none-eabi/5.2.1/../../../../arm-none-eabi/lib/armv7e-m/softfp/fpv5-sp-d16\libc_nano.a(lib_a-mprec.o)
                0x0800599e                __lo0bits
 .text.__i2b    0x080059f8       0x12 c:/program files (x86)/gnu tools arm embedded/5.2 2015q4/bin/../lib/gcc/arm-none-eabi/5.2.1/../../../../arm-none-eabi/lib/armv7e-m/softfp/fpv5-sp-d16\libc_nano.a(lib_a-mprec.o)
                0x080059f8                __i2b
 .text.__multiply
                0x08005a0a      0x122 c:/program files (x86)/gnu tools arm embedded/5.2 2015q4/bin/../lib/gcc/arm-none-eabi/5.2.1/../../../../arm-none-eabi/lib/armv7e-m/softfp/fpv5-sp-d16\libc_nano.a(lib_a-mprec.o)
                0x08005a0a                __multiply
 .text.__pow5mult
                0x08005b2c       0x9c c:/program files (x86)/gnu tools arm embedded/5.2 2015q4/bin/../lib/gcc/arm-none-eabi/5.2.1/../../../../arm-none-eabi/lib/armv7e-m/softfp/fpv5-sp-d16\libc_nano.a(lib_a-mprec.o)
                0x08005b2c                __pow5mult
 .text.__lshift
                0x08005bc8       0xa2 c:/program files (x86)/gnu tools arm embedded/5.2 2015q4/bin/../lib/gcc/arm-none-eabi/5.2.1/../../../../arm-none-eabi/lib/armv7e-m/softfp/fpv5-sp-d16\libc_nano.a(lib_a-mprec.o)
                0x08005bc8                __lshift
 .text.__mcmp   0x08005c6a       0x38 c:/program files (x86)/gnu tools arm embedded/5.2 2015q4/bin/../lib/gcc/arm-none-eabi/5.2.1/../../../../arm-none-eabi/lib/armv7e-m/softfp/fpv5-sp-d16\libc_nano.a(lib_a-mprec.o)
                0x08005c6a                __mcmp
 .text.__mdiff  0x08005ca2       0xbe c:/program files (x86)/gnu tools arm embedded/5.2 2015q4/bin/../lib/gcc/arm-none-eabi/5.2.1/../../../../arm-none-eabi/lib/armv7e-m/softfp/fpv5-sp-d16\libc_nano.a(lib_a-mprec.o)
                0x08005ca2                __mdiff
 .text.__ulp    0x08005d60       0x48 c:/program files (x86)/gnu tools arm embedded/5.2 2015q4/bin/../lib/gcc/arm-none-eabi/5.2.1/../../../../arm-none-eabi/lib/armv7e-m/softfp/fpv5-sp-d16\libc_nano.a(lib_a-mprec.o)
                0x08005d60                __ulp
 .text.__b2d    0x08005da8       0x9a c:/program files (x86)/gnu tools arm embedded/5.2 2015q4/bin/../lib/gcc/arm-none-eabi/5.2.1/../../../../arm-none-eabi/lib/armv7e-m/softfp/fpv5-sp-d16\libc_nano.a(lib_a-mprec.o)
                0x08005da8                __b2d
 .text.__d2b    0x08005e42       0x9c c:/program files (x86)/gnu tools arm embedded/5.2 2015q4/bin/../lib/gcc/arm-none-eabi/5.2.1/../../../../arm-none-eabi/lib/armv7e-m/softfp/fpv5-sp-d16\libc_nano.a(lib_a-mprec.o)
                0x08005e42                __d2b
 .text.__ratio  0x08005ede       0x52 c:/program files (x86)/gnu tools arm embedded/5.2 2015q4/bin/../lib/gcc/arm-none-eabi/5.2.1/../../../../arm-none-eabi/lib/armv7e-m/softfp/fpv5-sp-d16\libc_nano.a(lib_a-mprec.o)
                0x08005ede                __ratio
 .text.__copybits
                0x08005f30       0x34 c:/program files (x86)/gnu tools arm embedded/5.2 2015q4/bin/../lib/gcc/arm-none-eabi/5.2.1/../../../../arm-none-eabi/lib/armv7e-m/softfp/fpv5-sp-d16\libc_nano.a(lib_a-mprec.o)
                0x08005f30                __copybits
 .text.__any_on
                0x08005f64       0x44 c:/program files (x86)/gnu tools arm embedded/5.2 2015q4/bin/../lib/gcc/arm-none-eabi/5.2.1/../../../../arm-none-eabi/lib/armv7e-m/softfp/fpv5-sp-d16\libc_nano.a(lib_a-mprec.o)
                0x08005f64                __any_on
 .text._calloc_r
                0x08005fa8       0x1c c:/program files (x86)/gnu tools arm embedded/5.2 2015q4/bin/../lib/gcc/arm-none-eabi/5.2.1/../../../../arm-none-eabi/lib/armv7e-m/softfp/fpv5-sp-d16\libc_nano.a(lib_a-nano-callocr.o)
                0x08005fa8                _calloc_r
 .text._realloc_r
                0x08005fc4       0x4c c:/program files (x86)/gnu tools arm embedded/5.2 2015q4/bin/../lib/gcc/arm-none-eabi/5.2.1/../../../../arm-none-eabi/lib/armv7e-m/softfp/fpv5-sp-d16\libc_nano.a(lib_a-nano-reallocr.o)
                0x08005fc4                _realloc_r
 .text.__ssputs_r
                0x08006010       0xb2 c:/program files (x86)/gnu tools arm embedded/5.2 2015q4/bin/../lib/gcc/arm-none-eabi/5.2.1/../../../../arm-none-eabi/lib/armv7e-m/softfp/fpv5-sp-d16\libc_nano.a(lib_a-nano-svfprintf.o)
                0x08006010                __ssputs_r
 *fill*         0x080060c2        0x2 
 .text._svfprintf_r
                0x080060c4      0x1e8 c:/program files (x86)/gnu tools arm embedded/5.2 2015q4/bin/../lib/gcc/arm-none-eabi/5.2.1/../../../../arm-none-eabi/lib/armv7e-m/softfp/fpv5-sp-d16\libc_nano.a(lib_a-nano-svfprintf.o)
                0x080060c4                _svfiprintf_r
                0x080060c4                _svfprintf_r
 .text._read_r  0x080062ac       0x24 c:/program files (x86)/gnu tools arm embedded/5.2 2015q4/bin/../lib/gcc/arm-none-eabi/5.2.1/../../../../arm-none-eabi/lib/armv7e-m/softfp/fpv5-sp-d16\libc_nano.a(lib_a-readr.o)
                0x080062ac                _read_r
 .text._malloc_usable_size_r
                0x080062d0       0x14 c:/program files (x86)/gnu tools arm embedded/5.2 2015q4/bin/../lib/gcc/arm-none-eabi/5.2.1/../../../../arm-none-eabi/lib/armv7e-m/softfp/fpv5-sp-d16\libc_nano.a(lib_a-nano-msizer.o)
                0x080062d0                _malloc_usable_size_r
 .text          0x080062e4      0x370 c:/program files (x86)/gnu tools arm embedded/5.2 2015q4/bin/../lib/gcc/arm-none-eabi/5.2.1/armv7e-m/softfp/fpv5-sp-d16\libgcc.a(_arm_addsubdf3.o)
                0x080062e4                __aeabi_drsub
                0x080062ec                __aeabi_dsub
                0x080062ec                __subdf3
                0x080062f0                __aeabi_dadd
                0x080062f0                __adddf3
                0x08006568                __floatunsidf
                0x08006568                __aeabi_ui2d
                0x08006588                __floatsidf
                0x08006588                __aeabi_i2d
                0x080065ac                __aeabi_f2d
                0x080065ac                __extendsfdf2
                0x080065e8                __floatundidf
                0x080065e8                __aeabi_ul2d
                0x080065f8                __floatdidf
                0x080065f8                __aeabi_l2d
 .text          0x08006654      0x424 c:/program files (x86)/gnu tools arm embedded/5.2 2015q4/bin/../lib/gcc/arm-none-eabi/5.2.1/armv7e-m/softfp/fpv5-sp-d16\libgcc.a(_arm_muldivdf3.o)
                0x08006654                __aeabi_dmul
                0x08006654                __muldf3
                0x080068a8                __divdf3
                0x080068a8                __aeabi_ddiv
 .text          0x08006a78      0x110 c:/program files (x86)/gnu tools arm embedded/5.2 2015q4/bin/../lib/gcc/arm-none-eabi/5.2.1/armv7e-m/softfp/fpv5-sp-d16\libgcc.a(_arm_cmpdf2.o)
                0x08006a78                __gtdf2
                0x08006a78                __gedf2
                0x08006a80                __ltdf2
                0x08006a80                __ledf2
                0x08006a88                __nedf2
                0x08006a88                __eqdf2
                0x08006a88                __cmpdf2
                0x08006b04                __aeabi_cdrcmple
                0x08006b14                __aeabi_cdcmpeq
                0x08006b14                __aeabi_cdcmple
                0x08006b24                __aeabi_dcmpeq
                0x08006b38                __aeabi_dcmplt
                0x08006b4c                __aeabi_dcmple
                0x08006b60                __aeabi_dcmpge
                0x08006b74                __aeabi_dcmpgt
 .text          0x08006b88       0x50 c:/program files (x86)/gnu tools arm embedded/5.2 2015q4/bin/../lib/gcc/arm-none-eabi/5.2.1/armv7e-m/softfp/fpv5-sp-d16\libgcc.a(_arm_fixdfsi.o)
                0x08006b88                __aeabi_d2iz
                0x08006b88                __fixdfsi
 .text          0x08006bd8       0x40 c:/program files (x86)/gnu tools arm embedded/5.2 2015q4/bin/../lib/gcc/arm-none-eabi/5.2.1/armv7e-m/softfp/fpv5-sp-d16\libgcc.a(_arm_fixunsdfsi.o)
                0x08006bd8                __aeabi_d2uiz
                0x08006bd8                __fixunsdfsi
 .text          0x08006c18       0xa0 c:/program files (x86)/gnu tools arm embedded/5.2 2015q4/bin/../lib/gcc/arm-none-eabi/5.2.1/armv7e-m/softfp/fpv5-sp-d16\libgcc.a(_arm_truncdfsf2.o)
                0x08006c18                __truncdfsf2
                0x08006c18                __aeabi_d2f
 *(.init)
 .init          0x08006cb8        0x4 c:/program files (x86)/gnu tools arm embedded/5.2 2015q4/bin/../lib/gcc/arm-none-eabi/5.2.1/armv7e-m/softfp/fpv5-sp-d16/crti.o
                0x08006cb8                _init
 .init          0x08006cbc        0x8 c:/program files (x86)/gnu tools arm embedded/5.2 2015q4/bin/../lib/gcc/arm-none-eabi/5.2.1/armv7e-m/softfp/fpv5-sp-d16/crtn.o
 *(.fini)
 .fini          0x08006cc4        0x4 c:/program files (x86)/gnu tools arm embedded/5.2 2015q4/bin/../lib/gcc/arm-none-eabi/5.2.1/armv7e-m/softfp/fpv5-sp-d16/crti.o
                0x08006cc4                _fini
 .fini          0x08006cc8        0x8 c:/program files (x86)/gnu tools arm embedded/5.2 2015q4/bin/../lib/gcc/arm-none-eabi/5.2.1/armv7e-m/softfp/fpv5-sp-d16/crtn.o
 *crtbegin.o(.ctors)
 *crtbegin?.o(.ctors)
 *(EXCLUDE_FILE(*crtend.o *crtend?.o) .ctors)
 *(SORT(.ctors.*))
 *(.ctors)
 *crtbegin.o(.dtors)
 *crtbegin?.o(.dtors)
 *(EXCLUDE_FILE(*crtend.o *crtend?.o) .dtors)
 *(SORT(.dtors.*))
 *(.dtors)
 *(.rodata*)
 .rodata.APBAHBPrescTable
                0x08006cd0       0x10 mbed-src/targets/cmsis/TARGET_STM/TARGET_STM32F7/stm32f7xx_hal_rcc.o
                0x08006cd0                APBAHBPrescTable
 .rodata.CSWTCH.36
                0x08006ce0        0x4 mbed-src/targets/cmsis/TARGET_STM/TARGET_STM32F7/stm32f7xx_hal_uart.o
 .rodata.CSWTCH.37
                0x08006ce4        0xd mbed-src/targets/cmsis/TARGET_STM/TARGET_STM32F7/stm32f7xx_hal_uart.o
 .rodata.AHBPrescTable
                0x08006cf1       0x10 mbed-src/targets/cmsis/TARGET_STM/TARGET_STM32F7/TARGET_DISCO_F746NG/system_stm32f7xx.o
                0x08006cf1                AHBPrescTable
 .rodata.str1.1
                0x08006d01       0x21 mbed-src/targets/hal/TARGET_STM/TARGET_STM32F7/pinmap.o
 *fill*         0x08006d22        0x2 
 .rodata.gpio_mode
                0x08006d24       0x34 mbed-src/targets/hal/TARGET_STM/TARGET_STM32F7/pinmap.o
 .rodata.str1.1
                0x08006d58       0x17 mbed-src/targets/hal/TARGET_STM/TARGET_STM32F7/serial_api.o
 *fill*         0x08006d6f        0x1 
 .rodata.PinMap_UART_RX
                0x08006d70       0x30 mbed-src/targets/hal/TARGET_STM/TARGET_STM32F7/TARGET_DISCO_F746NG/PeripheralPins.o
                0x08006d70                PinMap_UART_RX
 .rodata.PinMap_UART_TX
                0x08006da0       0x3c mbed-src/targets/hal/TARGET_STM/TARGET_STM32F7/TARGET_DISCO_F746NG/PeripheralPins.o
                0x08006da0                PinMap_UART_TX
 .rodata.str1.1
                0x08006ddc       0x60 mbed-src/common/pinmap_common.o
 .rodata.us_interface
                0x08006e3c       0x14 mbed-src/common/us_ticker_api.o
 .rodata.us_data
                0x08006e50        0x8 mbed-src/common/us_ticker_api.o
 .rodata.__sf_fake_stdin
                0x08006e58       0x20 c:/program files (x86)/gnu tools arm embedded/5.2 2015q4/bin/../lib/gcc/arm-none-eabi/5.2.1/../../../../arm-none-eabi/lib/armv7e-m/softfp/fpv5-sp-d16\libc_nano.a(lib_a-findfp.o)
                0x08006e58                __sf_fake_stdin
 .rodata.__sf_fake_stdout
                0x08006e78       0x20 c:/program files (x86)/gnu tools arm embedded/5.2 2015q4/bin/../lib/gcc/arm-none-eabi/5.2.1/../../../../arm-none-eabi/lib/armv7e-m/softfp/fpv5-sp-d16\libc_nano.a(lib_a-findfp.o)
                0x08006e78                __sf_fake_stdout
 .rodata.__sf_fake_stderr
                0x08006e98       0x20 c:/program files (x86)/gnu tools arm embedded/5.2 2015q4/bin/../lib/gcc/arm-none-eabi/5.2.1/../../../../arm-none-eabi/lib/armv7e-m/softfp/fpv5-sp-d16\libc_nano.a(lib_a-findfp.o)
                0x08006e98                __sf_fake_stderr
 .rodata.str1.1
                0x08006eb8        0x2 c:/program files (x86)/gnu tools arm embedded/5.2 2015q4/bin/../lib/gcc/arm-none-eabi/5.2.1/../../../../arm-none-eabi/lib/armv7e-m/softfp/fpv5-sp-d16\libc_nano.a(lib_a-impure.o)
 *fill*         0x08006eba        0x2 
 .rodata._global_impure_ptr
                0x08006ebc        0x4 c:/program files (x86)/gnu tools arm embedded/5.2 2015q4/bin/../lib/gcc/arm-none-eabi/5.2.1/../../../../arm-none-eabi/lib/armv7e-m/softfp/fpv5-sp-d16\libc_nano.a(lib_a-impure.o)
                0x08006ebc                _global_impure_ptr
 .rodata.str1.1
                0x08006ec0       0x11 c:/program files (x86)/gnu tools arm embedded/5.2 2015q4/bin/../lib/gcc/arm-none-eabi/5.2.1/../../../../arm-none-eabi/lib/armv7e-m/softfp/fpv5-sp-d16\libc_nano.a(lib_a-nano-vfprintf.o)
 .rodata.str1.1
                0x08006ed1       0x12 c:/program files (x86)/gnu tools arm embedded/5.2 2015q4/bin/../lib/gcc/arm-none-eabi/5.2.1/../../../../arm-none-eabi/lib/armv7e-m/softfp/fpv5-sp-d16\libc_nano.a(lib_a-nano-vfprintf_float.o)
 .rodata.str1.1
                0x08006ee3       0x22 c:/program files (x86)/gnu tools arm embedded/5.2 2015q4/bin/../lib/gcc/arm-none-eabi/5.2.1/../../../../arm-none-eabi/lib/armv7e-m/softfp/fpv5-sp-d16\libc_nano.a(lib_a-nano-vfprintf_i.o)
 .rodata.str1.1
                0x08006f05        0x5 c:/program files (x86)/gnu tools arm embedded/5.2 2015q4/bin/../lib/gcc/arm-none-eabi/5.2.1/../../../../arm-none-eabi/lib/armv7e-m/softfp/fpv5-sp-d16\libc_nano.a(lib_a-nano-vfscanf_float.o)
 *fill*         0x08006f0a        0x2 
 .rodata.fpinan.5409
                0x08006f0c       0x14 c:/program files (x86)/gnu tools arm embedded/5.2 2015q4/bin/../lib/gcc/arm-none-eabi/5.2.1/../../../../arm-none-eabi/lib/armv7e-m/softfp/fpv5-sp-d16\libc_nano.a(lib_a-strtod.o)
 .rodata.str1.1
                0x08006f20        0x5 c:/program files (x86)/gnu tools arm embedded/5.2 2015q4/bin/../lib/gcc/arm-none-eabi/5.2.1/../../../../arm-none-eabi/lib/armv7e-m/softfp/fpv5-sp-d16\libc_nano.a(lib_a-strtod.o)
                                  0xc (size before relaxing)
 .rodata.fpi.5373
                0x08006f20       0x14 c:/program files (x86)/gnu tools arm embedded/5.2 2015q4/bin/../lib/gcc/arm-none-eabi/5.2.1/../../../../arm-none-eabi/lib/armv7e-m/softfp/fpv5-sp-d16\libc_nano.a(lib_a-strtod.o)
 *fill*         0x08006f34        0x4 
 .rodata.tinytens
                0x08006f38       0x28 c:/program files (x86)/gnu tools arm embedded/5.2 2015q4/bin/../lib/gcc/arm-none-eabi/5.2.1/../../../../arm-none-eabi/lib/armv7e-m/softfp/fpv5-sp-d16\libc_nano.a(lib_a-strtod.o)
 .rodata._ctype_
                0x08006f60      0x101 c:/program files (x86)/gnu tools arm embedded/5.2 2015q4/bin/../lib/gcc/arm-none-eabi/5.2.1/../../../../arm-none-eabi/lib/armv7e-m/softfp/fpv5-sp-d16\libc_nano.a(lib_a-ctype_.o)
                0x08006f60                _ctype_
 .rodata.str1.1
                0x08007061        0xd c:/program files (x86)/gnu tools arm embedded/5.2 2015q4/bin/../lib/gcc/arm-none-eabi/5.2.1/../../../../arm-none-eabi/lib/armv7e-m/softfp/fpv5-sp-d16\libc_nano.a(lib_a-dtoa.o)
                                  0xf (size before relaxing)
 .rodata.str1.1
                0x0800706e        0x6 c:/program files (x86)/gnu tools arm embedded/5.2 2015q4/bin/../lib/gcc/arm-none-eabi/5.2.1/../../../../arm-none-eabi/lib/armv7e-m/softfp/fpv5-sp-d16\libc_nano.a(lib_a-locale.o)
                                  0xb (size before relaxing)
 *fill*         0x08007074        0x4 
 .rodata.__mprec_tens
                0x08007078       0xc8 c:/program files (x86)/gnu tools arm embedded/5.2 2015q4/bin/../lib/gcc/arm-none-eabi/5.2.1/../../../../arm-none-eabi/lib/armv7e-m/softfp/fpv5-sp-d16\libc_nano.a(lib_a-mprec.o)
                0x08007078                __mprec_tens
 .rodata.__mprec_bigtens
                0x08007140       0x28 c:/program files (x86)/gnu tools arm embedded/5.2 2015q4/bin/../lib/gcc/arm-none-eabi/5.2.1/../../../../arm-none-eabi/lib/armv7e-m/softfp/fpv5-sp-d16\libc_nano.a(lib_a-mprec.o)
                0x08007140                __mprec_bigtens
 .rodata.p05.5416
                0x08007168        0xc c:/program files (x86)/gnu tools arm embedded/5.2 2015q4/bin/../lib/gcc/arm-none-eabi/5.2.1/../../../../arm-none-eabi/lib/armv7e-m/softfp/fpv5-sp-d16\libc_nano.a(lib_a-mprec.o)
 .rodata.str1.1
                0x08007174       0x11 c:/program files (x86)/gnu tools arm embedded/5.2 2015q4/bin/../lib/gcc/arm-none-eabi/5.2.1/../../../../arm-none-eabi/lib/armv7e-m/softfp/fpv5-sp-d16\libc_nano.a(lib_a-nano-svfprintf.o)
 *(.eh_frame*)
 .eh_frame      0x08007174        0x0 c:/program files (x86)/gnu tools arm embedded/5.2 2015q4/bin/../lib/gcc/arm-none-eabi/5.2.1/armv7e-m/softfp/fpv5-sp-d16/crtbegin.o
 .eh_frame      0x08007174        0x4 c:/program files (x86)/gnu tools arm embedded/5.2 2015q4/bin/../lib/gcc/arm-none-eabi/5.2.1/armv7e-m/softfp/fpv5-sp-d16/crtend.o

.glue_7         0x08007178        0x0
 .glue_7        0x08007178        0x0 linker stubs

.glue_7t        0x08007178        0x0
 .glue_7t       0x08007178        0x0 linker stubs

.vfp11_veneer   0x08007178        0x0
 .vfp11_veneer  0x08007178        0x0 linker stubs

.v4_bx          0x08007178        0x0
 .v4_bx         0x08007178        0x0 linker stubs

.iplt           0x08007178        0x0
 .iplt          0x08007178        0x0 c:/program files (x86)/gnu tools arm embedded/5.2 2015q4/bin/../lib/gcc/arm-none-eabi/5.2.1/armv7e-m/softfp/fpv5-sp-d16/crtbegin.o

.ARM.extab
 *(.ARM.extab* .gnu.linkonce.armextab.*)
                0x08007178                __exidx_start = .

.ARM.exidx      0x08007178        0x8
 *(.ARM.exidx* .gnu.linkonce.armexidx.*)
 .ARM.exidx     0x08007178        0x8 c:/program files (x86)/gnu tools arm embedded/5.2 2015q4/bin/../lib/gcc/arm-none-eabi/5.2.1/../../../../arm-none-eabi/lib/armv7e-m/softfp/fpv5-sp-d16/crt0.o
                0x08007180                __exidx_end = .
                0x08007180                __etext = .
                0x08007180                _sidata = .

.rel.dyn        0x08007180        0x0
 .rel.iplt      0x08007180        0x0 c:/program files (x86)/gnu tools arm embedded/5.2 2015q4/bin/../lib/gcc/arm-none-eabi/5.2.1/armv7e-m/softfp/fpv5-sp-d16/crtbegin.o

.data           0x200001c8       0xb4 load address 0x08007180
                0x200001c8                __data_start__ = .
                0x200001c8                _sdata = .
 *(vtable)
 *(.data*)
 .data.SystemCoreClock
                0x200001c8        0x4 mbed-src/targets/cmsis/TARGET_STM/TARGET_STM32F7/TARGET_DISCO_F746NG/system_stm32f7xx.o
                0x200001c8                SystemCoreClock
 .data._ZZ5_sbrkE4heap
                0x200001cc        0x4 mbed-src/common/retarget.o
 .data.impure_data
                0x200001d0       0x60 c:/program files (x86)/gnu tools arm embedded/5.2 2015q4/bin/../lib/gcc/arm-none-eabi/5.2.1/../../../../arm-none-eabi/lib/armv7e-m/softfp/fpv5-sp-d16\libc_nano.a(lib_a-impure.o)
 .data._impure_ptr
                0x20000230        0x4 c:/program files (x86)/gnu tools arm embedded/5.2 2015q4/bin/../lib/gcc/arm-none-eabi/5.2.1/../../../../arm-none-eabi/lib/armv7e-m/softfp/fpv5-sp-d16\libc_nano.a(lib_a-impure.o)
                0x20000230                _impure_ptr
 .data.__ctype_ptr__
                0x20000234        0x4 c:/program files (x86)/gnu tools arm embedded/5.2 2015q4/bin/../lib/gcc/arm-none-eabi/5.2.1/../../../../arm-none-eabi/lib/armv7e-m/softfp/fpv5-sp-d16\libc_nano.a(lib_a-ctype_.o)
                0x20000234                __ctype_ptr__
 .data.lconv    0x20000238       0x38 c:/program files (x86)/gnu tools arm embedded/5.2 2015q4/bin/../lib/gcc/arm-none-eabi/5.2.1/../../../../arm-none-eabi/lib/armv7e-m/softfp/fpv5-sp-d16\libc_nano.a(lib_a-locale.o)
                0x20000270                . = ALIGN (0x4)
                0x20000270                PROVIDE (__preinit_array_start, .)
 *(.preinit_array)
                0x20000270                PROVIDE (__preinit_array_end, .)
                0x20000270                . = ALIGN (0x4)
                0x20000270                PROVIDE (__init_array_start, .)
 *(SORT(.init_array.*))
 *(.init_array)
 .init_array    0x20000270        0x4 c:/program files (x86)/gnu tools arm embedded/5.2 2015q4/bin/../lib/gcc/arm-none-eabi/5.2.1/armv7e-m/softfp/fpv5-sp-d16/crtbegin.o
                0x20000274                PROVIDE (__init_array_end, .)
                0x20000274                . = ALIGN (0x4)
                [!provide]                PROVIDE (__fini_array_start, .)
 *(SORT(.fini_array.*))
 *(.fini_array)
 .fini_array    0x20000274        0x4 c:/program files (x86)/gnu tools arm embedded/5.2 2015q4/bin/../lib/gcc/arm-none-eabi/5.2.1/armv7e-m/softfp/fpv5-sp-d16/crtbegin.o
                [!provide]                PROVIDE (__fini_array_end, .)
 *(.jcr*)
 .jcr           0x20000278        0x0 c:/program files (x86)/gnu tools arm embedded/5.2 2015q4/bin/../lib/gcc/arm-none-eabi/5.2.1/armv7e-m/softfp/fpv5-sp-d16/crtbegin.o
 .jcr           0x20000278        0x4 c:/program files (x86)/gnu tools arm embedded/5.2 2015q4/bin/../lib/gcc/arm-none-eabi/5.2.1/armv7e-m/softfp/fpv5-sp-d16/crtend.o
                0x2000027c                . = ALIGN (0x4)
                0x2000027c                __data_end__ = .
                0x2000027c                _edata = .

.tm_clone_table
                0x2000027c        0x0 load address 0x08007234
 .tm_clone_table
                0x2000027c        0x0 c:/program files (x86)/gnu tools arm embedded/5.2 2015q4/bin/../lib/gcc/arm-none-eabi/5.2.1/armv7e-m/softfp/fpv5-sp-d16/crtbegin.o
 .tm_clone_table
                0x2000027c        0x0 c:/program files (x86)/gnu tools arm embedded/5.2 2015q4/bin/../lib/gcc/arm-none-eabi/5.2.1/armv7e-m/softfp/fpv5-sp-d16/crtend.o

.igot.plt       0x2000027c        0x0 load address 0x08007234
 .igot.plt      0x2000027c        0x0 c:/program files (x86)/gnu tools arm embedded/5.2 2015q4/bin/../lib/gcc/arm-none-eabi/5.2.1/armv7e-m/softfp/fpv5-sp-d16/crtbegin.o

.bss            0x2000027c      0x244 load address 0x08007234
                0x2000027c                . = ALIGN (0x4)
                0x2000027c                __bss_start__ = .
                0x2000027c                _sbss = .
 *(.bss*)
 .bss           0x2000027c       0x1c c:/program files (x86)/gnu tools arm embedded/5.2 2015q4/bin/../lib/gcc/arm-none-eabi/5.2.1/armv7e-m/softfp/fpv5-sp-d16/crtbegin.o
 .bss.uwTick    0x20000298        0x4 mbed-src/targets/cmsis/TARGET_STM/TARGET_STM32F7/stm32f7xx_hal.o
 .bss.PreviousVal
                0x2000029c        0x4 mbed-src/targets/cmsis/TARGET_STM/TARGET_STM32F7/TARGET_DISCO_F746NG/hal_tick.o
                0x2000029c                PreviousVal
 .bss.stdio_uart_inited
                0x200002a0        0x4 mbed-src/targets/hal/TARGET_STM/TARGET_STM32F7/serial_api.o
                0x200002a0                stdio_uart_inited
 .bss.TimMasterHandle
                0x200002a4       0x3c mbed-src/targets/hal/TARGET_STM/TARGET_STM32F7/us_ticker.o
 .bss.us_ticker_inited
                0x200002e0        0x4 mbed-src/targets/hal/TARGET_STM/TARGET_STM32F7/us_ticker.o
 .bss.events    0x200002e4        0x8 mbed-src/common/us_ticker_api.o
 .bss._ZL11filehandles
                0x200002ec      0x100 mbed-src/common/retarget.o
 .bss.__malloc_sbrk_start
                0x200003ec        0x4 c:/program files (x86)/gnu tools arm embedded/5.2 2015q4/bin/../lib/gcc/arm-none-eabi/5.2.1/../../../../arm-none-eabi/lib/armv7e-m/softfp/fpv5-sp-d16\libc_nano.a(lib_a-nano-mallocr.o)
                0x200003ec                __malloc_sbrk_start
 .bss.__malloc_free_list
                0x200003f0        0x4 c:/program files (x86)/gnu tools arm embedded/5.2 2015q4/bin/../lib/gcc/arm-none-eabi/5.2.1/../../../../arm-none-eabi/lib/armv7e-m/softfp/fpv5-sp-d16\libc_nano.a(lib_a-nano-mallocr.o)
                0x200003f0                __malloc_free_list
 *(COMMON)
 COMMON         0x200003f4       0x3c mbed-src/targets/cmsis/TARGET_STM/TARGET_STM32F7/TARGET_DISCO_F746NG/hal_tick.o
                0x200003f4                TimMasterHandle
 COMMON         0x20000430       0x8c mbed-src/targets/hal/TARGET_STM/TARGET_STM32F7/serial_api.o
                0x20000430                UartHandle
                0x200004a0                stdio_uart
 COMMON         0x200004bc        0x4 c:/program files (x86)/gnu tools arm embedded/5.2 2015q4/bin/../lib/gcc/arm-none-eabi/5.2.1/../../../../arm-none-eabi/lib/armv7e-m/softfp/fpv5-sp-d16\libc_nano.a(lib_a-reent.o)
                0x200004bc                errno
                0x200004c0                . = ALIGN (0x4)
                0x200004c0                __bss_end__ = .
                0x200004c0                _ebss = .

.heap           0x200004c0        0x0
                0x200004c0                __end__ = .
                0x200004c0                end = __end__
 *(.heap*)
                0x200004c0                __HeapLimit = .

.stack_dummy    0x200004c0        0x0
 *(.stack*)
                0x20050000                __StackTop = (ORIGIN (RAM) + LENGTH (RAM))
                0x20050000                _estack = __StackTop
                0x20050000                __StackLimit = (__StackTop - SIZEOF (.stack_dummy))
                0x20050000                PROVIDE (__stack, __StackTop)
                0x00000001                ASSERT ((__StackLimit >= __HeapLimit), region RAM overflowed with stack)
OUTPUT(OBCOMMSv2.elf elf32-littlearm)

.ARM.attributes
                0x00000000       0x2e
 .ARM.attributes
                0x00000000       0x22 c:/program files (x86)/gnu tools arm embedded/5.2 2015q4/bin/../lib/gcc/arm-none-eabi/5.2.1/armv7e-m/softfp/fpv5-sp-d16/crti.o
 .ARM.attributes
                0x00000022       0x32 c:/program files (x86)/gnu tools arm embedded/5.2 2015q4/bin/../lib/gcc/arm-none-eabi/5.2.1/armv7e-m/softfp/fpv5-sp-d16/crtbegin.o
 .ARM.attributes
                0x00000054       0x20 c:/program files (x86)/gnu tools arm embedded/5.2 2015q4/bin/../lib/gcc/arm-none-eabi/5.2.1/../../../../arm-none-eabi/lib/armv7e-m/softfp/fpv5-sp-d16/crt0.o
 .ARM.attributes
                0x00000074       0x21 mbed-src/targets/cmsis/TARGET_STM/TARGET_STM32F7/TARGET_DISCO_F746NG/TOOLCHAIN_GCC_ARM/startup_stm32f746xx.o
 .ARM.attributes
                0x00000095       0x37 mbed-src/targets/cmsis/TARGET_STM/TARGET_STM32F7/stm32f7xx_hal.o
 .ARM.attributes
                0x000000cc       0x37 mbed-src/targets/cmsis/TARGET_STM/TARGET_STM32F7/stm32f7xx_hal_cortex.o
 .ARM.attributes
                0x00000103       0x37 mbed-src/targets/cmsis/TARGET_STM/TARGET_STM32F7/stm32f7xx_hal_gpio.o
 .ARM.attributes
                0x0000013a       0x37 mbed-src/targets/cmsis/TARGET_STM/TARGET_STM32F7/stm32f7xx_hal_pwr_ex.o
 .ARM.attributes
                0x00000171       0x37 mbed-src/targets/cmsis/TARGET_STM/TARGET_STM32F7/stm32f7xx_hal_rcc.o
 .ARM.attributes
                0x000001a8       0x37 mbed-src/targets/cmsis/TARGET_STM/TARGET_STM32F7/stm32f7xx_hal_tim.o
 .ARM.attributes
                0x000001df       0x37 mbed-src/targets/cmsis/TARGET_STM/TARGET_STM32F7/stm32f7xx_hal_uart.o
 .ARM.attributes
                0x00000216       0x37 mbed-src/targets/cmsis/TARGET_STM/TARGET_STM32F7/TARGET_DISCO_F746NG/cmsis_nvic.o
 .ARM.attributes
                0x0000024d       0x37 mbed-src/targets/cmsis/TARGET_STM/TARGET_STM32F7/TARGET_DISCO_F746NG/hal_tick.o
 .ARM.attributes
                0x00000284       0x37 mbed-src/targets/cmsis/TARGET_STM/TARGET_STM32F7/TARGET_DISCO_F746NG/system_stm32f7xx.o
 .ARM.attributes
                0x000002bb       0x37 mbed-src/targets/hal/TARGET_STM/TARGET_STM32F7/gpio_api.o
 .ARM.attributes
                0x000002f2       0x37 mbed-src/targets/hal/TARGET_STM/TARGET_STM32F7/mbed_overrides.o
 .ARM.attributes
                0x00000329       0x37 mbed-src/targets/hal/TARGET_STM/TARGET_STM32F7/pinmap.o
 .ARM.attributes
                0x00000360       0x37 mbed-src/targets/hal/TARGET_STM/TARGET_STM32F7/serial_api.o
 .ARM.attributes
                0x00000397       0x37 mbed-src/targets/hal/TARGET_STM/TARGET_STM32F7/us_ticker.o
 .ARM.attributes
                0x000003ce       0x37 mbed-src/targets/hal/TARGET_STM/TARGET_STM32F7/TARGET_DISCO_F746NG/PeripheralPins.o
 .ARM.attributes
                0x00000405       0x37 mbed-src/common/board.o
 .ARM.attributes
                0x0000043c       0x37 mbed-src/common/error.o
 .ARM.attributes
                0x00000473       0x37 mbed-src/common/gpio.o
 .ARM.attributes
                0x000004aa       0x37 mbed-src/common/pinmap_common.o
 .ARM.attributes
                0x000004e1       0x37 mbed-src/common/ticker_api.o
 .ARM.attributes
                0x00000518       0x37 mbed-src/common/us_ticker_api.o
 .ARM.attributes
                0x0000054f       0x37 mbed-src/common/wait_api.o
 .ARM.attributes
                0x00000586       0x37 main.o
 .ARM.attributes
                0x000005bd       0x37 mbed-src/common/retarget.o
 .ARM.attributes
                0x000005f4       0x32 c:/program files (x86)/gnu tools arm embedded/5.2 2015q4/bin/../lib/gcc/arm-none-eabi/5.2.1/../../../../arm-none-eabi/lib/armv7e-m/softfp/fpv5-sp-d16\libc_nano.a(lib_a-errno.o)
 .ARM.attributes
                0x00000626       0x32 c:/program files (x86)/gnu tools arm embedded/5.2 2015q4/bin/../lib/gcc/arm-none-eabi/5.2.1/../../../../arm-none-eabi/lib/armv7e-m/softfp/fpv5-sp-d16\libc_nano.a(lib_a-exit.o)
 .ARM.attributes
                0x00000658       0x32 c:/program files (x86)/gnu tools arm embedded/5.2 2015q4/bin/../lib/gcc/arm-none-eabi/5.2.1/../../../../arm-none-eabi/lib/armv7e-m/softfp/fpv5-sp-d16\libc_nano.a(lib_a-fflush.o)
 .ARM.attributes
                0x0000068a       0x32 c:/program files (x86)/gnu tools arm embedded/5.2 2015q4/bin/../lib/gcc/arm-none-eabi/5.2.1/../../../../arm-none-eabi/lib/armv7e-m/softfp/fpv5-sp-d16\libc_nano.a(lib_a-findfp.o)
 .ARM.attributes
                0x000006bc       0x32 c:/program files (x86)/gnu tools arm embedded/5.2 2015q4/bin/../lib/gcc/arm-none-eabi/5.2.1/../../../../arm-none-eabi/lib/armv7e-m/softfp/fpv5-sp-d16\libc_nano.a(lib_a-fwalk.o)
 .ARM.attributes
                0x000006ee       0x32 c:/program files (x86)/gnu tools arm embedded/5.2 2015q4/bin/../lib/gcc/arm-none-eabi/5.2.1/../../../../arm-none-eabi/lib/armv7e-m/softfp/fpv5-sp-d16\libc_nano.a(lib_a-impure.o)
 .ARM.attributes
                0x00000720       0x32 c:/program files (x86)/gnu tools arm embedded/5.2 2015q4/bin/../lib/gcc/arm-none-eabi/5.2.1/../../../../arm-none-eabi/lib/armv7e-m/softfp/fpv5-sp-d16\libc_nano.a(lib_a-init.o)
 .ARM.attributes
                0x00000752       0x32 c:/program files (x86)/gnu tools arm embedded/5.2 2015q4/bin/../lib/gcc/arm-none-eabi/5.2.1/../../../../arm-none-eabi/lib/armv7e-m/softfp/fpv5-sp-d16\libc_nano.a(lib_a-makebuf.o)
 .ARM.attributes
                0x00000784       0x32 c:/program files (x86)/gnu tools arm embedded/5.2 2015q4/bin/../lib/gcc/arm-none-eabi/5.2.1/../../../../arm-none-eabi/lib/armv7e-m/softfp/fpv5-sp-d16\libc_nano.a(lib_a-malloc.o)
 .ARM.attributes
                0x000007b6       0x20 c:/program files (x86)/gnu tools arm embedded/5.2 2015q4/bin/../lib/gcc/arm-none-eabi/5.2.1/../../../../arm-none-eabi/lib/armv7e-m/softfp/fpv5-sp-d16\libc_nano.a(lib_a-memchr.o)
 .ARM.attributes
                0x000007d6       0x32 c:/program files (x86)/gnu tools arm embedded/5.2 2015q4/bin/../lib/gcc/arm-none-eabi/5.2.1/../../../../arm-none-eabi/lib/armv7e-m/softfp/fpv5-sp-d16\libc_nano.a(lib_a-memcpy-stub.o)
 .ARM.attributes
                0x00000808       0x32 c:/program files (x86)/gnu tools arm embedded/5.2 2015q4/bin/../lib/gcc/arm-none-eabi/5.2.1/../../../../arm-none-eabi/lib/armv7e-m/softfp/fpv5-sp-d16\libc_nano.a(lib_a-memmove.o)
 .ARM.attributes
                0x0000083a       0x32 c:/program files (x86)/gnu tools arm embedded/5.2 2015q4/bin/../lib/gcc/arm-none-eabi/5.2.1/../../../../arm-none-eabi/lib/armv7e-m/softfp/fpv5-sp-d16\libc_nano.a(lib_a-memset.o)
 .ARM.attributes
                0x0000086c       0x32 c:/program files (x86)/gnu tools arm embedded/5.2 2015q4/bin/../lib/gcc/arm-none-eabi/5.2.1/../../../../arm-none-eabi/lib/armv7e-m/softfp/fpv5-sp-d16\libc_nano.a(lib_a-nano-freer.o)
 .ARM.attributes
                0x0000089e       0x32 c:/program files (x86)/gnu tools arm embedded/5.2 2015q4/bin/../lib/gcc/arm-none-eabi/5.2.1/../../../../arm-none-eabi/lib/armv7e-m/softfp/fpv5-sp-d16\libc_nano.a(lib_a-nano-mallocr.o)
 .ARM.attributes
                0x000008d0       0x32 c:/program files (x86)/gnu tools arm embedded/5.2 2015q4/bin/../lib/gcc/arm-none-eabi/5.2.1/../../../../arm-none-eabi/lib/armv7e-m/softfp/fpv5-sp-d16\libc_nano.a(lib_a-nano-vfprintf.o)
 .ARM.attributes
                0x00000902       0x32 c:/program files (x86)/gnu tools arm embedded/5.2 2015q4/bin/../lib/gcc/arm-none-eabi/5.2.1/../../../../arm-none-eabi/lib/armv7e-m/softfp/fpv5-sp-d16\libc_nano.a(lib_a-nano-vfprintf_float.o)
 .ARM.attributes
                0x00000934       0x32 c:/program files (x86)/gnu tools arm embedded/5.2 2015q4/bin/../lib/gcc/arm-none-eabi/5.2.1/../../../../arm-none-eabi/lib/armv7e-m/softfp/fpv5-sp-d16\libc_nano.a(lib_a-nano-vfprintf_i.o)
 .ARM.attributes
                0x00000966       0x32 c:/program files (x86)/gnu tools arm embedded/5.2 2015q4/bin/../lib/gcc/arm-none-eabi/5.2.1/../../../../arm-none-eabi/lib/armv7e-m/softfp/fpv5-sp-d16\libc_nano.a(lib_a-nano-vfscanf_float.o)
 .ARM.attributes
                0x00000998       0x32 c:/program files (x86)/gnu tools arm embedded/5.2 2015q4/bin/../lib/gcc/arm-none-eabi/5.2.1/../../../../arm-none-eabi/lib/armv7e-m/softfp/fpv5-sp-d16\libc_nano.a(lib_a-reent.o)
 .ARM.attributes
                0x000009ca       0x32 c:/program files (x86)/gnu tools arm embedded/5.2 2015q4/bin/../lib/gcc/arm-none-eabi/5.2.1/../../../../arm-none-eabi/lib/armv7e-m/softfp/fpv5-sp-d16\libc_nano.a(lib_a-s_fpclassify.o)
 .ARM.attributes
                0x000009fc       0x32 c:/program files (x86)/gnu tools arm embedded/5.2 2015q4/bin/../lib/gcc/arm-none-eabi/5.2.1/../../../../arm-none-eabi/lib/armv7e-m/softfp/fpv5-sp-d16\libc_nano.a(lib_a-sbrkr.o)
 .ARM.attributes
                0x00000a2e       0x32 c:/program files (x86)/gnu tools arm embedded/5.2 2015q4/bin/../lib/gcc/arm-none-eabi/5.2.1/../../../../arm-none-eabi/lib/armv7e-m/softfp/fpv5-sp-d16\libc_nano.a(lib_a-sf_nan.o)
 .ARM.attributes
                0x00000a60       0x32 c:/program files (x86)/gnu tools arm embedded/5.2 2015q4/bin/../lib/gcc/arm-none-eabi/5.2.1/../../../../arm-none-eabi/lib/armv7e-m/softfp/fpv5-sp-d16\libc_nano.a(lib_a-sprintf.o)
 .ARM.attributes
                0x00000a92       0x32 c:/program files (x86)/gnu tools arm embedded/5.2 2015q4/bin/../lib/gcc/arm-none-eabi/5.2.1/../../../../arm-none-eabi/lib/armv7e-m/softfp/fpv5-sp-d16\libc_nano.a(lib_a-stdio.o)
 .ARM.attributes
                0x00000ac4       0x1b c:/program files (x86)/gnu tools arm embedded/5.2 2015q4/bin/../lib/gcc/arm-none-eabi/5.2.1/../../../../arm-none-eabi/lib/armv7e-m/softfp/fpv5-sp-d16\libc_nano.a(lib_a-strlen.o)
 .ARM.attributes
                0x00000adf       0x32 c:/program files (x86)/gnu tools arm embedded/5.2 2015q4/bin/../lib/gcc/arm-none-eabi/5.2.1/../../../../arm-none-eabi/lib/armv7e-m/softfp/fpv5-sp-d16\libc_nano.a(lib_a-strncmp.o)
 .ARM.attributes
                0x00000b11       0x32 c:/program files (x86)/gnu tools arm embedded/5.2 2015q4/bin/../lib/gcc/arm-none-eabi/5.2.1/../../../../arm-none-eabi/lib/armv7e-m/softfp/fpv5-sp-d16\libc_nano.a(lib_a-strtod.o)
 .ARM.attributes
                0x00000b43       0x32 c:/program files (x86)/gnu tools arm embedded/5.2 2015q4/bin/../lib/gcc/arm-none-eabi/5.2.1/../../../../arm-none-eabi/lib/armv7e-m/softfp/fpv5-sp-d16\libc_nano.a(lib_a-strtol.o)
 .ARM.attributes
                0x00000b75       0x32 c:/program files (x86)/gnu tools arm embedded/5.2 2015q4/bin/../lib/gcc/arm-none-eabi/5.2.1/../../../../arm-none-eabi/lib/armv7e-m/softfp/fpv5-sp-d16\libc_nano.a(lib_a-wbuf.o)
 .ARM.attributes
                0x00000ba7       0x32 c:/program files (x86)/gnu tools arm embedded/5.2 2015q4/bin/../lib/gcc/arm-none-eabi/5.2.1/../../../../arm-none-eabi/lib/armv7e-m/softfp/fpv5-sp-d16\libc_nano.a(lib_a-writer.o)
 .ARM.attributes
                0x00000bd9       0x32 c:/program files (x86)/gnu tools arm embedded/5.2 2015q4/bin/../lib/gcc/arm-none-eabi/5.2.1/../../../../arm-none-eabi/lib/armv7e-m/softfp/fpv5-sp-d16\libc_nano.a(lib_a-wsetup.o)
 .ARM.attributes
                0x00000c0b       0x32 c:/program files (x86)/gnu tools arm embedded/5.2 2015q4/bin/../lib/gcc/arm-none-eabi/5.2.1/../../../../arm-none-eabi/lib/armv7e-m/softfp/fpv5-sp-d16\libc_nano.a(lib_a-closer.o)
 .ARM.attributes
                0x00000c3d       0x32 c:/program files (x86)/gnu tools arm embedded/5.2 2015q4/bin/../lib/gcc/arm-none-eabi/5.2.1/../../../../arm-none-eabi/lib/armv7e-m/softfp/fpv5-sp-d16\libc_nano.a(lib_a-ctype_.o)
 .ARM.attributes
                0x00000c6f       0x32 c:/program files (x86)/gnu tools arm embedded/5.2 2015q4/bin/../lib/gcc/arm-none-eabi/5.2.1/../../../../arm-none-eabi/lib/armv7e-m/softfp/fpv5-sp-d16\libc_nano.a(lib_a-dtoa.o)
 .ARM.attributes
                0x00000ca1       0x32 c:/program files (x86)/gnu tools arm embedded/5.2 2015q4/bin/../lib/gcc/arm-none-eabi/5.2.1/../../../../arm-none-eabi/lib/armv7e-m/softfp/fpv5-sp-d16\libc_nano.a(lib_a-fstatr.o)
 .ARM.attributes
                0x00000cd3       0x32 c:/program files (x86)/gnu tools arm embedded/5.2 2015q4/bin/../lib/gcc/arm-none-eabi/5.2.1/../../../../arm-none-eabi/lib/armv7e-m/softfp/fpv5-sp-d16\libc_nano.a(lib_a-gdtoa-gethex.o)
 .ARM.attributes
                0x00000d05       0x32 c:/program files (x86)/gnu tools arm embedded/5.2 2015q4/bin/../lib/gcc/arm-none-eabi/5.2.1/../../../../arm-none-eabi/lib/armv7e-m/softfp/fpv5-sp-d16\libc_nano.a(lib_a-gdtoa-hexnan.o)
 .ARM.attributes
                0x00000d37       0x32 c:/program files (x86)/gnu tools arm embedded/5.2 2015q4/bin/../lib/gcc/arm-none-eabi/5.2.1/../../../../arm-none-eabi/lib/armv7e-m/softfp/fpv5-sp-d16\libc_nano.a(lib_a-isattyr.o)
 .ARM.attributes
                0x00000d69       0x32 c:/program files (x86)/gnu tools arm embedded/5.2 2015q4/bin/../lib/gcc/arm-none-eabi/5.2.1/../../../../arm-none-eabi/lib/armv7e-m/softfp/fpv5-sp-d16\libc_nano.a(lib_a-locale.o)
 .ARM.attributes
                0x00000d9b       0x32 c:/program files (x86)/gnu tools arm embedded/5.2 2015q4/bin/../lib/gcc/arm-none-eabi/5.2.1/../../../../arm-none-eabi/lib/armv7e-m/softfp/fpv5-sp-d16\libc_nano.a(lib_a-lseekr.o)
 .ARM.attributes
                0x00000dcd       0x32 c:/program files (x86)/gnu tools arm embedded/5.2 2015q4/bin/../lib/gcc/arm-none-eabi/5.2.1/../../../../arm-none-eabi/lib/armv7e-m/softfp/fpv5-sp-d16\libc_nano.a(lib_a-mprec.o)
 .ARM.attributes
                0x00000dff       0x32 c:/program files (x86)/gnu tools arm embedded/5.2 2015q4/bin/../lib/gcc/arm-none-eabi/5.2.1/../../../../arm-none-eabi/lib/armv7e-m/softfp/fpv5-sp-d16\libc_nano.a(lib_a-nano-callocr.o)
 .ARM.attributes
                0x00000e31       0x32 c:/program files (x86)/gnu tools arm embedded/5.2 2015q4/bin/../lib/gcc/arm-none-eabi/5.2.1/../../../../arm-none-eabi/lib/armv7e-m/softfp/fpv5-sp-d16\libc_nano.a(lib_a-nano-reallocr.o)
 .ARM.attributes
                0x00000e63       0x32 c:/program files (x86)/gnu tools arm embedded/5.2 2015q4/bin/../lib/gcc/arm-none-eabi/5.2.1/../../../../arm-none-eabi/lib/armv7e-m/softfp/fpv5-sp-d16\libc_nano.a(lib_a-nano-svfprintf.o)
 .ARM.attributes
                0x00000e95       0x32 c:/program files (x86)/gnu tools arm embedded/5.2 2015q4/bin/../lib/gcc/arm-none-eabi/5.2.1/../../../../arm-none-eabi/lib/armv7e-m/softfp/fpv5-sp-d16\libc_nano.a(lib_a-readr.o)
 .ARM.attributes
                0x00000ec7       0x32 c:/program files (x86)/gnu tools arm embedded/5.2 2015q4/bin/../lib/gcc/arm-none-eabi/5.2.1/../../../../arm-none-eabi/lib/armv7e-m/softfp/fpv5-sp-d16\libc_nano.a(lib_a-nano-msizer.o)
 .ARM.attributes
                0x00000ef9       0x22 c:/program files (x86)/gnu tools arm embedded/5.2 2015q4/bin/../lib/gcc/arm-none-eabi/5.2.1/armv7e-m/softfp/fpv5-sp-d16\libgcc.a(_arm_addsubdf3.o)
 .ARM.attributes
                0x00000f1b       0x22 c:/program files (x86)/gnu tools arm embedded/5.2 2015q4/bin/../lib/gcc/arm-none-eabi/5.2.1/armv7e-m/softfp/fpv5-sp-d16\libgcc.a(_arm_muldivdf3.o)
 .ARM.attributes
                0x00000f3d       0x22 c:/program files (x86)/gnu tools arm embedded/5.2 2015q4/bin/../lib/gcc/arm-none-eabi/5.2.1/armv7e-m/softfp/fpv5-sp-d16\libgcc.a(_arm_cmpdf2.o)
 .ARM.attributes
                0x00000f5f       0x22 c:/program files (x86)/gnu tools arm embedded/5.2 2015q4/bin/../lib/gcc/arm-none-eabi/5.2.1/armv7e-m/softfp/fpv5-sp-d16\libgcc.a(_arm_fixdfsi.o)
 .ARM.attributes
                0x00000f81       0x22 c:/program files (x86)/gnu tools arm embedded/5.2 2015q4/bin/../lib/gcc/arm-none-eabi/5.2.1/armv7e-m/softfp/fpv5-sp-d16\libgcc.a(_arm_fixunsdfsi.o)
 .ARM.attributes
                0x00000fa3       0x22 c:/program files (x86)/gnu tools arm embedded/5.2 2015q4/bin/../lib/gcc/arm-none-eabi/5.2.1/armv7e-m/softfp/fpv5-sp-d16\libgcc.a(_arm_truncdfsf2.o)
 .ARM.attributes
                0x00000fc5       0x32 c:/program files (x86)/gnu tools arm embedded/5.2 2015q4/bin/../lib/gcc/arm-none-eabi/5.2.1/armv7e-m/softfp/fpv5-sp-d16/crtend.o
 .ARM.attributes
                0x00000ff7       0x22 c:/program files (x86)/gnu tools arm embedded/5.2 2015q4/bin/../lib/gcc/arm-none-eabi/5.2.1/armv7e-m/softfp/fpv5-sp-d16/crtn.o

.comment        0x00000000       0x6e
 .comment       0x00000000       0x6e mbed-src/targets/cmsis/TARGET_STM/TARGET_STM32F7/stm32f7xx_hal.o
                                 0x6f (size before relaxing)
 .comment       0x0000006e       0x6f mbed-src/targets/cmsis/TARGET_STM/TARGET_STM32F7/stm32f7xx_hal_cortex.o
 .comment       0x0000006e       0x6f mbed-src/targets/cmsis/TARGET_STM/TARGET_STM32F7/stm32f7xx_hal_gpio.o
 .comment       0x0000006e       0x6f mbed-src/targets/cmsis/TARGET_STM/TARGET_STM32F7/stm32f7xx_hal_pwr_ex.o
 .comment       0x0000006e       0x6f mbed-src/targets/cmsis/TARGET_STM/TARGET_STM32F7/stm32f7xx_hal_rcc.o
 .comment       0x0000006e       0x6f mbed-src/targets/cmsis/TARGET_STM/TARGET_STM32F7/stm32f7xx_hal_tim.o
 .comment       0x0000006e       0x6f mbed-src/targets/cmsis/TARGET_STM/TARGET_STM32F7/stm32f7xx_hal_uart.o
 .comment       0x0000006e       0x6f mbed-src/targets/cmsis/TARGET_STM/TARGET_STM32F7/TARGET_DISCO_F746NG/cmsis_nvic.o
 .comment       0x0000006e       0x6f mbed-src/targets/cmsis/TARGET_STM/TARGET_STM32F7/TARGET_DISCO_F746NG/hal_tick.o
 .comment       0x0000006e       0x6f mbed-src/targets/cmsis/TARGET_STM/TARGET_STM32F7/TARGET_DISCO_F746NG/system_stm32f7xx.o
 .comment       0x0000006e       0x6f mbed-src/targets/hal/TARGET_STM/TARGET_STM32F7/gpio_api.o
 .comment       0x0000006e       0x6f mbed-src/targets/hal/TARGET_STM/TARGET_STM32F7/mbed_overrides.o
 .comment       0x0000006e       0x6f mbed-src/targets/hal/TARGET_STM/TARGET_STM32F7/pinmap.o
 .comment       0x0000006e       0x6f mbed-src/targets/hal/TARGET_STM/TARGET_STM32F7/serial_api.o
 .comment       0x0000006e       0x6f mbed-src/targets/hal/TARGET_STM/TARGET_STM32F7/us_ticker.o
 .comment       0x0000006e       0x6f mbed-src/targets/hal/TARGET_STM/TARGET_STM32F7/TARGET_DISCO_F746NG/PeripheralPins.o
 .comment       0x0000006e       0x6f mbed-src/common/board.o
 .comment       0x0000006e       0x6f mbed-src/common/error.o
 .comment       0x0000006e       0x6f mbed-src/common/gpio.o
 .comment       0x0000006e       0x6f mbed-src/common/pinmap_common.o
 .comment       0x0000006e       0x6f mbed-src/common/ticker_api.o
 .comment       0x0000006e       0x6f mbed-src/common/us_ticker_api.o
 .comment       0x0000006e       0x6f mbed-src/common/wait_api.o
 .comment       0x0000006e       0x6f main.o
 .comment       0x0000006e       0x6f mbed-src/common/retarget.o

.debug_frame    0x00000000      0xec8